Archive member included because of file (symbol)

/usr/local/gcc-arm-none-eabi-4_8-2013q4/bin/../lib/gcc/arm-none-eabi/4.8.3/../../../../arm-none-eabi/lib/armv7-m/libg.a(lib_a-errno.o)
                              ./libs/misc/src/_sbrk.o (__errno)
/usr/local/gcc-arm-none-eabi-4_8-2013q4/bin/../lib/gcc/arm-none-eabi/4.8.3/../../../../arm-none-eabi/lib/armv7-m/libg.a(lib_a-impure.o)
                              /usr/local/gcc-arm-none-eabi-4_8-2013q4/bin/../lib/gcc/arm-none-eabi/4.8.3/../../../../arm-none-eabi/lib/armv7-m/libg.a(lib_a-errno.o) (_impure_ptr)
/usr/local/gcc-arm-none-eabi-4_8-2013q4/bin/../lib/gcc/arm-none-eabi/4.8.3/../../../../arm-none-eabi/lib/armv7-m/libg.a(lib_a-printf.o)
                              ./src/variablePacketHandler.o (printf)
/usr/local/gcc-arm-none-eabi-4_8-2013q4/bin/../lib/gcc/arm-none-eabi/4.8.3/../../../../arm-none-eabi/lib/armv7-m/libg.a(lib_a-vfprintf.o)
                              /usr/local/gcc-arm-none-eabi-4_8-2013q4/bin/../lib/gcc/arm-none-eabi/4.8.3/../../../../arm-none-eabi/lib/armv7-m/libg.a(lib_a-printf.o) (_vfprintf_r)
/usr/local/gcc-arm-none-eabi-4_8-2013q4/bin/../lib/gcc/arm-none-eabi/4.8.3/../../../../arm-none-eabi/lib/armv7-m/libg.a(lib_a-wsetup.o)
                              /usr/local/gcc-arm-none-eabi-4_8-2013q4/bin/../lib/gcc/arm-none-eabi/4.8.3/../../../../arm-none-eabi/lib/armv7-m/libg.a(lib_a-vfprintf.o) (__swsetup_r)
/usr/local/gcc-arm-none-eabi-4_8-2013q4/bin/../lib/gcc/arm-none-eabi/4.8.3/../../../../arm-none-eabi/lib/armv7-m/libg.a(lib_a-dtoa.o)
                              /usr/local/gcc-arm-none-eabi-4_8-2013q4/bin/../lib/gcc/arm-none-eabi/4.8.3/../../../../arm-none-eabi/lib/armv7-m/libg.a(lib_a-vfprintf.o) (_dtoa_r)
/usr/local/gcc-arm-none-eabi-4_8-2013q4/bin/../lib/gcc/arm-none-eabi/4.8.3/../../../../arm-none-eabi/lib/armv7-m/libg.a(lib_a-fflush.o)
                              /usr/local/gcc-arm-none-eabi-4_8-2013q4/bin/../lib/gcc/arm-none-eabi/4.8.3/../../../../arm-none-eabi/lib/armv7-m/libg.a(lib_a-vfprintf.o) (_fflush_r)
/usr/local/gcc-arm-none-eabi-4_8-2013q4/bin/../lib/gcc/arm-none-eabi/4.8.3/../../../../arm-none-eabi/lib/armv7-m/libg.a(lib_a-findfp.o)
                              /usr/local/gcc-arm-none-eabi-4_8-2013q4/bin/../lib/gcc/arm-none-eabi/4.8.3/../../../../arm-none-eabi/lib/armv7-m/libg.a(lib_a-vfprintf.o) (__sinit)
/usr/local/gcc-arm-none-eabi-4_8-2013q4/bin/../lib/gcc/arm-none-eabi/4.8.3/../../../../arm-none-eabi/lib/armv7-m/libg.a(lib_a-freer.o)
                              /usr/local/gcc-arm-none-eabi-4_8-2013q4/bin/../lib/gcc/arm-none-eabi/4.8.3/../../../../arm-none-eabi/lib/armv7-m/libg.a(lib_a-wsetup.o) (_free_r)
/usr/local/gcc-arm-none-eabi-4_8-2013q4/bin/../lib/gcc/arm-none-eabi/4.8.3/../../../../arm-none-eabi/lib/armv7-m/libg.a(lib_a-fwalk.o)
                              /usr/local/gcc-arm-none-eabi-4_8-2013q4/bin/../lib/gcc/arm-none-eabi/4.8.3/../../../../arm-none-eabi/lib/armv7-m/libg.a(lib_a-findfp.o) (_fwalk)
/usr/local/gcc-arm-none-eabi-4_8-2013q4/bin/../lib/gcc/arm-none-eabi/4.8.3/../../../../arm-none-eabi/lib/armv7-m/libg.a(lib_a-locale.o)
                              /usr/local/gcc-arm-none-eabi-4_8-2013q4/bin/../lib/gcc/arm-none-eabi/4.8.3/../../../../arm-none-eabi/lib/armv7-m/libg.a(lib_a-vfprintf.o) (_localeconv_r)
/usr/local/gcc-arm-none-eabi-4_8-2013q4/bin/../lib/gcc/arm-none-eabi/4.8.3/../../../../arm-none-eabi/lib/armv7-m/libg.a(lib_a-makebuf.o)
                              /usr/local/gcc-arm-none-eabi-4_8-2013q4/bin/../lib/gcc/arm-none-eabi/4.8.3/../../../../arm-none-eabi/lib/armv7-m/libg.a(lib_a-wsetup.o) (__smakebuf_r)
/usr/local/gcc-arm-none-eabi-4_8-2013q4/bin/../lib/gcc/arm-none-eabi/4.8.3/../../../../arm-none-eabi/lib/armv7-m/libg.a(lib_a-mallocr.o)
                              /usr/local/gcc-arm-none-eabi-4_8-2013q4/bin/../lib/gcc/arm-none-eabi/4.8.3/../../../../arm-none-eabi/lib/armv7-m/libg.a(lib_a-findfp.o) (_malloc_r)
/usr/local/gcc-arm-none-eabi-4_8-2013q4/bin/../lib/gcc/arm-none-eabi/4.8.3/../../../../arm-none-eabi/lib/armv7-m/libg.a(lib_a-memchr-stub.o)
                              /usr/local/gcc-arm-none-eabi-4_8-2013q4/bin/../lib/gcc/arm-none-eabi/4.8.3/../../../../arm-none-eabi/lib/armv7-m/libg.a(lib_a-vfprintf.o) (memchr)
/usr/local/gcc-arm-none-eabi-4_8-2013q4/bin/../lib/gcc/arm-none-eabi/4.8.3/../../../../arm-none-eabi/lib/armv7-m/libg.a(lib_a-memcpy.o)
                              /usr/local/gcc-arm-none-eabi-4_8-2013q4/bin/../lib/gcc/arm-none-eabi/4.8.3/../../../../arm-none-eabi/lib/armv7-m/libg.a(lib_a-dtoa.o) (memcpy)
/usr/local/gcc-arm-none-eabi-4_8-2013q4/bin/../lib/gcc/arm-none-eabi/4.8.3/../../../../arm-none-eabi/lib/armv7-m/libg.a(lib_a-memset.o)
                              /usr/local/gcc-arm-none-eabi-4_8-2013q4/bin/../lib/gcc/arm-none-eabi/4.8.3/../../../../arm-none-eabi/lib/armv7-m/libg.a(lib_a-findfp.o) (memset)
/usr/local/gcc-arm-none-eabi-4_8-2013q4/bin/../lib/gcc/arm-none-eabi/4.8.3/../../../../arm-none-eabi/lib/armv7-m/libg.a(lib_a-mlock.o)
[...]
Memory Configuration

Name             Origin             Length             Attributes
RAM              0x20000000         0x00010000         xrw
CCMRAM           0x00000000         0x00000000         xrw
FLASH            0x08000000         0x00060000         xr
FLASHB1          0x00000000         0x00000000         xr
EXTMEMB0         0x00000000         0x00000000         xr
EXTMEMB1         0x00000000         0x00000000         xr
EXTMEMB2         0x00000000         0x00000000         xr
EXTMEMB3         0x00000000         0x00000000         xr
MEMORY_ARRAY     0x00000000         0x00000000         xrw
*default*        0x00000000         0xffffffff

Linker script and memory map

LOAD ./src/HA_System.o
LOAD ./src/MB1_Buttons.o
LOAD ./src/MB1_ISR.o
LOAD ./src/MB1_Leds.o
LOAD ./src/MB1_Misc.o
LOAD ./src/MB1_SPI.o
LOAD ./src/MB1_Serial_t.o
LOAD ./src/MB1_System.o
LOAD ./src/driverCC1101.o
LOAD ./src/hl_crc.o
LOAD ./src/main.o
LOAD ./src/variablePacketHandler.o
LOAD ./libs/misc/src/_sbrk.o
LOAD ./libs/misc/src/_write.o
LOAD ./libs/misc/src/trace_impl.o
LOAD ./libs/StdPeriph/src/misc.o
LOAD ./libs/StdPeriph/src/stm32f10x_adc.o
LOAD ./libs/StdPeriph/src/stm32f10x_bkp.o
LOAD ./libs/StdPeriph/src/stm32f10x_can.o
LOAD ./libs/StdPeriph/src/stm32f10x_cec.o
LOAD ./libs/StdPeriph/src/stm32f10x_crc.o
LOAD ./libs/StdPeriph/src/stm32f10x_dac.o
LOAD ./libs/StdPeriph/src/stm32f10x_dbgmcu.o
LOAD ./libs/StdPeriph/src/stm32f10x_dma.o
LOAD ./libs/StdPeriph/src/stm32f10x_exti.o
LOAD ./libs/StdPeriph/src/stm32f10x_flash.o
LOAD ./libs/StdPeriph/src/stm32f10x_fsmc.o
LOAD ./libs/StdPeriph/src/stm32f10x_gpio.o
LOAD ./libs/StdPeriph/src/stm32f10x_i2c.o
LOAD ./libs/StdPeriph/src/stm32f10x_iwdg.o
LOAD ./libs/StdPeriph/src/stm32f10x_pwr.o
LOAD ./libs/StdPeriph/src/stm32f10x_rcc.o
LOAD ./libs/StdPeriph/src/stm32f10x_rtc.o
LOAD ./libs/StdPeriph/src/stm32f10x_sdio.o
LOAD ./libs/StdPeriph/src/stm32f10x_spi.o
LOAD ./libs/StdPeriph/src/stm32f10x_tim.o
LOAD ./libs/StdPeriph/src/stm32f10x_usart.o
LOAD ./libs/StdPeriph/src/stm32f10x_wwdg.o
LOAD ./libs/CMSIS/src/core_cm3.o
LOAD ./libs/CMSIS/src/startup_cm.o
LOAD ./libs/CMSIS/src/startup_stm32f10x.o
LOAD ./libs/CMSIS/src/system_stm32f10x.o
LOAD ./libs/CMSIS/src/vectors_stm32f10x.o
LOAD /usr/local/gcc-arm-none-eabi-4_8-2013q4/bin/../lib/gcc/arm-none-eabi/4.8.3/../../../../arm-none-eabi/lib/armv7-m/libstdc++.a
LOAD /usr/local/gcc-arm-none-eabi-4_8-2013q4/bin/../lib/gcc/arm-none-eabi/4.8.3/../../../../arm-none-eabi/lib/armv7-m/libm.a
START GROUP
LOAD /usr/local/gcc-arm-none-eabi-4_8-2013q4/bin/../lib/gcc/arm-none-eabi/4.8.3/armv7-m/libgcc.a
LOAD /usr/local/gcc-arm-none-eabi-4_8-2013q4/bin/../lib/gcc/arm-none-eabi/4.8.3/../../../../arm-none-eabi/lib/armv7-m/libg.a
LOAD /usr/local/gcc-arm-none-eabi-4_8-2013q4/bin/../lib/gcc/arm-none-eabi/4.8.3/../../../../arm-none-eabi/lib/armv7-m/libc.a
END GROUP
START GROUP
LOAD /usr/local/gcc-arm-none-eabi-4_8-2013q4/bin/../lib/gcc/arm-none-eabi/4.8.3/armv7-m/libgcc.a
LOAD /usr/local/gcc-arm-none-eabi-4_8-2013q4/bin/../lib/gcc/arm-none-eabi/4.8.3/../../../../arm-none-eabi/lib/armv7-m/libg.a
LOAD /usr/local/gcc-arm-none-eabi-4_8-2013q4/bin/../lib/gcc/arm-none-eabi/4.8.3/../../../../arm-none-eabi/lib/armv7-m/libc.a
LOAD /usr/local/gcc-arm-none-eabi-4_8-2013q4/bin/../lib/gcc/arm-none-eabi/4.8.3/../../../../arm-none-eabi/lib/armv7-m/libm.a
LOAD /usr/local/gcc-arm-none-eabi-4_8-2013q4/bin/../lib/gcc/arm-none-eabi/4.8.3/../../../../arm-none-eabi/lib/armv7-m/libnosys.a
END GROUP
                0x20010000                __stack = (ORIGIN (RAM) + 0x10000)
                0x20010000                _estack = __stack
                0x00000400                __Main_Stack_Size = 0x400
                0x00000400                PROVIDE (_Main_Stack_Size, __Main_Stack_Size)
                0x2000fc00                __Main_Stack_Limit = (__stack - __Main_Stack_Size)
                0x2000fc00                PROVIDE (_Main_Stack_Limit, __Main_Stack_Limit)
                0x00000100                _Minimum_Stack_Size = 0x100
                0x20000d08                PROVIDE (_Heap_Begin, _end_noinit)
                0x2000fc00                PROVIDE (_Heap_Limit, (__stack - _Main_Stack_Size))

.isr_vector     0x08000000      0x2c0
                0x08000000                . = ALIGN (0x4)
 *(.isr_vector)
 .isr_vector    0x08000000      0x1e4 ./libs/CMSIS/src/vectors_stm32f10x.o
                0x08000000                g_pfnVectors
 *(.after_vectors .after_vectors.*)
 .after_vectors
                0x080001e4       0x8c ./libs/CMSIS/src/startup_cm.o
                0x080001e4                Reset_Handler
                0x08000228                system_init
 .after_vectors
                0x08000270       0x50 ./libs/CMSIS/src/vectors_stm32f10x.o
                0x08000270                RTC_Alarm_IRQHandler
                0x08000270                EXTI2_IRQHandler
                0x08000270                TIM8_TRG_COM_IRQHandler
                0x08000270                TIM8_CC_IRQHandler
                0x08000270                TIM1_CC_IRQHandler
                0x08000270                PVD_IRQHandler
                0x08000270                SDIO_IRQHandler
                0x08000270                CAN2_RX1_IRQHandler
                0x08000270                EXTI3_IRQHandler
                0x08000270                TIM8_TRG_COM_TIM14_IRQHandler
                0x08000270                TIM1_UP_TIM10_IRQHandler
                0x08000270                TIM8_UP_TIM13_IRQHandler
                0x08000270                I2C2_EV_IRQHandler
                0x08000270                CAN1_RX0_IRQHandler
                0x08000270                TIM1_UP_TIM16_IRQHandler
                0x08000270                CAN2_SCE_IRQHandler
                0x08000270                ADC1_2_IRQHandler
                0x08000270                SPI1_IRQHandler
                0x08000270                TAMPER_IRQHandler
                0x08000270                TIM6_DAC_IRQHandler
                0x08000270                TIM1_BRK_TIM9_IRQHandler
                0x08000270                CAN2_RX0_IRQHandler
                0x08000270                TIM8_UP_IRQHandler
                0x08000270                DMA2_Channel2_IRQHandler
                0x08000270                DMA1_Channel4_IRQHandler
                0x08000270                USART3_IRQHandler
                0x08000270                RTC_IRQHandler
                0x08000270                DMA1_Channel7_IRQHandler
                0x08000270                CAN1_RX1_IRQHandler
                0x08000270                UART5_IRQHandler
                0x08000270                ADC3_IRQHandler
                0x08000270                TIM4_IRQHandler
                0x08000270                DMA2_Channel1_IRQHandler
                0x08000270                I2C1_EV_IRQHandler
                0x08000270                DMA1_Channel6_IRQHandler
                0x08000270                UART4_IRQHandler
                0x08000270                DMA2_Channel4_IRQHandler
                0x08000270                TIM3_IRQHandler
                0x08000270                RCC_IRQHandler
                0x08000270                TIM8_BRK_TIM12_IRQHandler
                0x08000270                TIM1_TRG_COM_IRQHandler
                0x08000270                DMA1_Channel1_IRQHandler
                0x08000270                Default_Handler
                0x08000270                CEC_IRQHandler
                0x08000270                EXTI15_10_IRQHandler
                0x08000270                TIM14_IRQHandler
                0x08000270                TIM13_IRQHandler
                0x08000270                TIM12_IRQHandler
                0x08000270                TIM7_IRQHandler
                0x08000270                CAN2_TX_IRQHandler
                0x08000270                TIM5_IRQHandler
                0x08000270                EXTI9_5_IRQHandler
                0x08000270                ETH_WKUP_IRQHandler
                0x08000270                SPI2_IRQHandler
                0x08000270                CAN1_TX_IRQHandler
                0x08000270                DMA2_Channel5_IRQHandler
                0x08000270                DMA1_Channel5_IRQHandler
                0x08000270                EXTI4_IRQHandler
                0x08000270                USB_LP_CAN1_RX0_IRQHandler
                0x08000270                TIM1_TRG_COM_TIM17_IRQHandler
                0x08000270                USB_HP_CAN1_TX_IRQHandler
                0x08000270                DMA1_Channel3_IRQHandler
                0x08000270                FSMC_IRQHandler
                0x08000270                ETH_IRQHandler
                0x08000270                TIM1_UP_IRQHandler
                0x08000270                WWDG_IRQHandler
                0x08000270                TIM2_IRQHandler
                0x08000270                OTG_FS_WKUP_IRQHandler
                0x08000270                TIM1_TRG_COM_TIM11_IRQHandler
                0x08000270                TIM1_BRK_IRQHandler
                0x08000270                DMA2_Channel4_5_IRQHandler
                0x08000270                USART2_IRQHandler
                0x08000270                I2C2_ER_IRQHandler
                0x08000270                DMA1_Channel2_IRQHandler
                0x08000270                TIM8_BRK_IRQHandler
                0x08000270                CAN1_SCE_IRQHandler
                0x08000270                FLASH_IRQHandler
                0x08000270                OTG_FS_IRQHandler
                0x08000270                SPI3_IRQHandler
                0x08000270                I2C1_ER_IRQHandler
                0x08000270                USBWakeUp_IRQHandler
                0x08000270                DMA2_Channel3_IRQHandler
                0x08000270                TIM1_BRK_TIM15_IRQHandler
                0x08000278                NMI_Handler
                0x08000280                HardFault_Handler
                0x08000288                MemManage_Handler
                0x08000290                BusFault_Handler
                0x08000298                UsageFault_Handler
                0x080002a0                SVC_Handler
                0x080002a8                DebugMon_Handler
                0x080002b0                PendSV_Handler
                0x080002b8                SysTick_Handler
                0x080002c0                . = ALIGN (0x4)

._inits         0x080002c0       0x10
                0x080002c0                . = ALIGN (0x4)
 *(.init)
 *(.fini)
                0x080002c0                . = ALIGN (0x4)
                0x080002c0                PROVIDE (__preinit_array_start, .)
 *(.preinit_array_sysinit .preinit_array_sysinit.*)
 .preinit_array_sysinit
                0x080002c0        0x4 ./libs/CMSIS/src/startup_cm.o
                0x080002c0                p_system_init
 *(.preinit_array_platform .preinit_array_platform.*)
 *(.preinit_array .preinit_array.*)
                0x080002c4                PROVIDE (__preinit_array_end, .)
                0x080002c4                . = ALIGN (0x4)
                0x080002c4                PROVIDE (__init_array_start, .)
 *(SORT(.init_array.*))
 *(.init_array)
 .init_array    0x080002c4        0x4 ./src/HA_System.o
 .init_array    0x080002c8        0x4 ./src/MB1_Buttons.o
 .init_array    0x080002cc        0x4 ./src/MB1_System.o
                0x080002d0                PROVIDE (__init_array_end, .)
                0x080002d0                . = ALIGN (0x4)
                0x080002d0                PROVIDE (__fini_array_start, .)
 *(SORT(.fini_array.*))
 *(.fini_array)
                0x080002d0                PROVIDE (__fini_array_end, .)
                0x080002d0                . = ALIGN (0x4)

.flashtext      0x080002d0        0x0
                0x080002d0                . = ALIGN (0x4)
 *(.flashtext .flashtext.*)
                0x080002d0                . = ALIGN (0x4)

.text           0x080002d0     0x8e98
                0x080002d0                . = ALIGN (0x4)
 *(.text .text.*)
 .text._Z13HA_SystemInitv
                0x080002d0       0x10 ./src/HA_System.o
                0x080002d0                HA_SystemInit()
 .text._Z11HA_SPI_Initv
                0x080002e0       0x6c ./src/HA_System.o
                0x080002e0                HA_SPI_Init()
 .text._Z14HA_CC1101_Initv
                0x0800034c       0x30 ./src/HA_System.o
                0x0800034c                HA_CC1101_Init()
 .text._Z14EXTI0_1_Configv
                0x0800037c       0xa0 ./src/HA_System.o
                0x0800037c                EXTI0_1_Config()
 .text._Z41__static_initialization_and_destruction_0ii
                0x0800041c       0x3c ./src/HA_System.o
 .text._GLOBAL__sub_I_RF1
                0x08000458       0x10 ./src/HA_System.o
 .text._ZN6ButtonC2EN6Btn_ns5Btn_tE
                0x08000468       0x24 ./src/MB1_Buttons.o
                0x08000468                Button::Button(Btn_ns::Btn_t)
                0x08000468                Button::Button(Btn_ns::Btn_t)
 .text._ZN6Button9GPIO_initEv
                0x0800048c       0x70 ./src/MB1_Buttons.o
                0x0800048c                Button::GPIO_init()
 .text._ZN6Button14pressedKey_getEv
                0x080004fc       0x48 ./src/MB1_Buttons.o
                0x080004fc                Button::pressedKey_get()
 .text._Z24btnProcessing_miscTIMISRv
                0x08000544       0x68 ./src/MB1_Buttons.o
                0x08000544                btnProcessing_miscTIMISR()
 .text._Z19usrBtn_0_processingv
                0x080005ac       0xe4 ./src/MB1_Buttons.o
                0x080005ac                usrBtn_0_processing()
 .text._Z19usrBtn_1_processingv
                0x08000690       0xe8 ./src/MB1_Buttons.o
                0x08000690                usrBtn_1_processing()
 .text._Z41__static_initialization_and_destruction_0ii
                0x08000778       0xc4 ./src/MB1_Buttons.o
 .text._GLOBAL__sub_I_btn_GPIO_ports
                0x0800083c       0x10 ./src/MB1_Buttons.o
 .text._ZN6ISRMgrC2Ev
                0x0800084c       0x34 ./src/MB1_ISR.o
                0x0800084c                ISRMgr::ISRMgr()
                0x0800084c                ISRMgr::ISRMgr()
 .text._ZN6ISRMgr13subISR_assignEN9ISRMgr_ns5ISR_tEPFvvE
                0x08000880       0x90 ./src/MB1_ISR.o
                0x08000880                ISRMgr::subISR_assign(ISRMgr_ns::ISR_t, void (*)())
 .text._ZN6ISRMgr13subISR_removeEN9ISRMgr_ns5ISR_tEPFvvE
                0x08000910       0x90 ./src/MB1_ISR.o
                0x08000910                ISRMgr::subISR_remove(ISRMgr_ns::ISR_t, void (*)())
 .text._ZN6ISRMgr21subISR_SysTick_assignEPFvvE
                0x080009a0       0x58 ./src/MB1_ISR.o
                0x080009a0                ISRMgr::subISR_SysTick_assign(void (*)())
 .text._ZN6ISRMgr21subISR_SysTick_removeEPFvvE
                0x080009f8       0x5c ./src/MB1_ISR.o
                0x080009f8                ISRMgr::subISR_SysTick_remove(void (*)())
 .text._ZN6ISRMgr25SysTick_subISR_table_initEv
                0x08000a54       0x34 ./src/MB1_ISR.o
                0x08000a54                ISRMgr::SysTick_subISR_table_init()
 .text._ZN6ISRMgr18subISR_TIM6_assignEPFvvE
                0x08000a88       0x58 ./src/MB1_ISR.o
                0x08000a88                ISRMgr::subISR_TIM6_assign(void (*)())
 .text._ZN6ISRMgr18subISR_TIM6_removeEPFvvE
                0x08000ae0       0x5c ./src/MB1_ISR.o
                0x08000ae0                ISRMgr::subISR_TIM6_remove(void (*)())
 .text._ZN6ISRMgr22TIM6_subISR_table_initEv
                0x08000b3c       0x34 ./src/MB1_ISR.o
                0x08000b3c                ISRMgr::TIM6_subISR_table_init()
 .text._ZN6ISRMgr20subISR_USART1_assignEPFvvE
                0x08000b70       0x58 ./src/MB1_ISR.o
                0x08000b70                ISRMgr::subISR_USART1_assign(void (*)())
 .text._ZN6ISRMgr20subISR_USART1_removeEPFvvE
                0x08000bc8       0x5c ./src/MB1_ISR.o
                0x08000bc8                ISRMgr::subISR_USART1_remove(void (*)())
 .text._ZN6ISRMgr24USART1_subISR_table_initEv
                0x08000c24       0x34 ./src/MB1_ISR.o
                0x08000c24                ISRMgr::USART1_subISR_table_init()
 .text._ZN6ISRMgr19subISR_EXTI0_assignEPFvvE
                0x08000c58       0x58 ./src/MB1_ISR.o
                0x08000c58                ISRMgr::subISR_EXTI0_assign(void (*)())
 .text._ZN6ISRMgr19subISR_EXTI0_removeEPFvvE
                0x08000cb0       0x5c ./src/MB1_ISR.o
                0x08000cb0                ISRMgr::subISR_EXTI0_remove(void (*)())
 .text._ZN6ISRMgr23EXTI0_subISR_table_initEv
                0x08000d0c       0x34 ./src/MB1_ISR.o
                0x08000d0c                ISRMgr::EXTI0_subISR_table_init()
 .text._ZN6ISRMgr19subISR_EXTI1_assignEPFvvE
                0x08000d40       0x58 ./src/MB1_ISR.o
                0x08000d40                ISRMgr::subISR_EXTI1_assign(void (*)())
 .text._ZN6ISRMgr19subISR_EXTI1_removeEPFvvE
                0x08000d98       0x5c ./src/MB1_ISR.o
                0x08000d98                ISRMgr::subISR_EXTI1_remove(void (*)())
 .text._ZN6ISRMgr23EXTI1_subISR_table_initEv
                0x08000df4       0x34 ./src/MB1_ISR.o
                0x08000df4                ISRMgr::EXTI1_subISR_table_init()
 .text.TIM6_IRQHandler
                0x08000e28       0x48 ./src/MB1_ISR.o
                0x08000e28                TIM6_IRQHandler
 .text.USART1_IRQHandler
                0x08000e70       0x68 ./src/MB1_ISR.o
                0x08000e70                USART1_IRQHandler
 .text.EXTI0_IRQHandler
                0x08000ed8       0x40 ./src/MB1_ISR.o
                0x08000ed8                EXTI0_IRQHandler
 .text.EXTI1_IRQHandler
                0x08000f18       0x40 ./src/MB1_ISR.o
                0x08000f18                EXTI1_IRQHandler
 .text._ZN3LedC2EN6Led_ns5Led_tE
                0x08000f58       0x70 ./src/MB1_Leds.o
                0x08000f58                Led::Led(Led_ns::Led_t)
                0x08000f58                Led::Led(Led_ns::Led_t)
 .text._ZN3Led2onEv
                0x08000fc8       0x38 ./src/MB1_Leds.o
                0x08000fc8                Led::on()
 .text._ZN3Led3offEv
                0x08001000       0x38 ./src/MB1_Leds.o
                0x08001000                Led::off()
 .text._ZN3Led6toggleEv
                0x08001038       0x80 ./src/MB1_Leds.o
                0x08001038                Led::toggle()
 .text._Z8bugs_fixv
                0x080010b8       0x4c ./src/MB1_Misc.o
                0x080010b8                bugs_fix()
 .text._Z11miscTIM_runP11TIM_TypeDeftt
                0x08001104       0xf4 ./src/MB1_Misc.o
                0x08001104                miscTIM_run(TIM_TypeDef*, unsigned short, unsigned short)
 .text._Z7LedBeatbtP3Led
                0x080011f8       0x7c ./src/MB1_Misc.o
                0x080011f8                LedBeat(bool, unsigned short, Led*)
 .text._Z18LedBeat_miscTIMISRv
                0x08001274       0x64 ./src/MB1_Misc.o
                0x08001274                LedBeat_miscTIMISR()
 .text._Z19delay_ms_miscTIMISRv
                0x080012d8       0x24 ./src/MB1_Misc.o
                0x080012d8                delay_ms_miscTIMISR()
 .text._ZN3SPIC2Et
                0x080012fc       0x50 ./src/MB1_SPI.o
                0x080012fc                SPI::SPI(unsigned short)
                0x080012fc                SPI::SPI(unsigned short)
 .text._ZN3SPI14M2F_GPIOs_InitEv
                0x0800134c      0x134 ./src/MB1_SPI.o
                0x0800134c                SPI::M2F_GPIOs_Init()
 .text._ZN3SPI4initEPN6SPI_ns12SPI_params_tE
                0x08001480       0xbc ./src/MB1_SPI.o
                0x08001480                SPI::init(SPI_ns::SPI_params_t*)
 .text._ZN3SPI19SM_numOfSSLines_setEh
                0x0800153c       0x40 ./src/MB1_SPI.o
                0x0800153c                SPI::SM_numOfSSLines_set(unsigned char)
 .text._ZN3SPI11SM_GPIO_setEPN6SPI_ns15SM_GPIOParams_sE
                0x0800157c       0xa8 ./src/MB1_SPI.o
                0x0800157c                SPI::SM_GPIO_set(SPI_ns::SM_GPIOParams_s*)
 .text._ZN3SPI22SM_deviceToDecoder_setEN6SPI_ns11SM_device_tEh
                0x08001624       0x54 ./src/MB1_SPI.o
                0x08001624                SPI::SM_deviceToDecoder_set(SPI_ns::SM_device_t, unsigned char)
 .text._ZN3SPI16SM_device_attachEN6SPI_ns11SM_device_tE
                0x08001678       0x48 ./src/MB1_SPI.o
                0x08001678                SPI::SM_device_attach(SPI_ns::SM_device_t)
 .text._ZN3SPI26SM_decodeValueInUse_updateEv
                0x080016c0       0x58 ./src/MB1_SPI.o
                0x080016c0                SPI::SM_decodeValueInUse_update()
 .text._ZN3SPI16SM_device_selectEN6SPI_ns11SM_device_tE
                0x08001718       0xb4 ./src/MB1_SPI.o
                0x08001718                SPI::SM_device_select(SPI_ns::SM_device_t)
 .text._ZN3SPI18SM_device_deselectEN6SPI_ns11SM_device_tE
                0x080017cc       0xb4 ./src/MB1_SPI.o
                0x080017cc                SPI::SM_device_deselect(SPI_ns::SM_device_t)
 .text._ZN3SPI23M2F_sendAndGet_blockingEN6SPI_ns11SM_device_tEt
                0x08001880       0xa0 ./src/MB1_SPI.o
                0x08001880                SPI::M2F_sendAndGet_blocking(SPI_ns::SM_device_t, unsigned short)
 .text._ZN3SPI12MisoLevelGetEv
                0x08001920       0x68 ./src/MB1_SPI.o
                0x08001920                SPI::MisoLevelGet()
 .text._ZN8serial_tC2Eh
                0x08001988       0x24 ./src/MB1_Serial_t.o
                0x08001988                serial_t::serial_t(unsigned char)
                0x08001988                serial_t::serial_t(unsigned char)
 .text._ZN8serial_t7RestartEm
                0x080019ac      0x134 ./src/MB1_Serial_t.o
                0x080019ac                serial_t::Restart(unsigned long)
 .text._ZN8serial_t5PrintEc
                0x08001ae0       0x54 ./src/MB1_Serial_t.o
                0x08001ae0                serial_t::Print(char)
 .text._ZN8serial_t8RetargetEh
                0x08001b34       0x88 ./src/MB1_Serial_t.o
                0x08001b34                serial_t::Retarget(unsigned char)
 .text._write   0x08001bbc       0xa4 ./src/MB1_Serial_t.o
                0x08001bbc                _write
 .text._Z15MB1_system_initv
                0x08001c60       0xb0 ./src/MB1_System.o
                0x08001c60                MB1_system_init()
 .text._Z41__static_initialization_and_destruction_0ii
                0x08001d10       0xa4 ./src/MB1_System.o
 .text._GLOBAL__sub_I_MB1_SPI1
                0x08001db4       0x10 ./src/MB1_System.o
 .text._ZN12driverCC1101C2Ev
                0x08001dc4       0x1c ./src/driverCC1101.o
                0x08001dc4                driverCC1101::driverCC1101()
                0x08001dc4                driverCC1101::driverCC1101()
 .text._ZN12driverCC110110initCC1101EPN5CC_ns15CC_SPI_params_sE
                0x08001de0       0xa0 ./src/driverCC1101.o
                0x08001de0                driverCC1101::initCC1101(CC_ns::CC_SPI_params_s*)
 .text._ZN12driverCC110120powerUpOnResetCC1101Ev
                0x08001e80       0x50 ./src/driverCC1101.o
                0x08001e80                driverCC1101::powerUpOnResetCC1101()
 .text._ZN12driverCC110111resetCC1101Ev
                0x08001ed0       0x48 ./src/driverCC1101.o
                0x08001ed0                driverCC1101::resetCC1101()
 .text._ZN12driverCC11019reinitSPIEv
                0x08001f18       0x58 ./src/driverCC1101.o
                0x08001f18                driverCC1101::reinitSPI()
 .text._ZN12driverCC110113halSendStrobeEh
                0x08001f70       0x50 ./src/driverCC1101.o
                0x08001f70                driverCC1101::halSendStrobe(unsigned char)
 .text._ZN12driverCC110117halWriteSingleRegEhh
                0x08001fc0       0x6c ./src/driverCC1101.o
                0x08001fc0                driverCC1101::halWriteSingleReg(unsigned char, unsigned char)
 .text._ZN12driverCC110116halWriteBurstRegEhPhh
                0x0800202c       0x88 ./src/driverCC1101.o
                0x0800202c                driverCC1101::halWriteBurstReg(unsigned char, unsigned char*, unsigned char)
 .text._ZN12driverCC110116halReadSingleRegEh
                0x080020b4       0x6c ./src/driverCC1101.o
                0x080020b4                driverCC1101::halReadSingleReg(unsigned char)
 .text._ZN12driverCC110115halReadBurstRegEhPhh
                0x08002120       0x90 ./src/driverCC1101.o
                0x08002120                driverCC1101::halReadBurstReg(unsigned char, unsigned char*, unsigned char)
 .text._ZN12driverCC110115halReadSatusRegEh
                0x080021b0       0x6c ./src/driverCC1101.o
                0x080021b0                driverCC1101::halReadSatusReg(unsigned char)
 .text._ZN12driverCC110118halRfWriteSettingsEv
                0x0800221c      0x1b4 ./src/driverCC1101.o
                0x0800221c                driverCC1101::halRfWriteSettings()
 .text._ZN12driverCC11017halWaitEt
                0x080023d0       0x2c ./src/driverCC1101.o
                0x080023d0                driverCC1101::halWait(unsigned short)
 .text._ZN12driverCC11016mDelayEt
                0x080023fc       0x40 ./src/driverCC1101.o
                0x080023fc                driverCC1101::mDelay(unsigned short)
 .text._ZN12driverCC110111waitMisoLowEv
                0x0800243c       0x2c ./src/driverCC1101.o
                0x0800243c                driverCC1101::waitMisoLow()
 .text.main     0x08002468      0x11c ./src/main.o
                0x08002468                main
 .text._Z18variablePacketSendPh
                0x08002584      0x100 ./src/variablePacketHandler.o
                0x08002584                variablePacketSend(unsigned char*)
 .text._Z21variablePacketReceivePh
                0x08002684       0x80 ./src/variablePacketHandler.o
                0x08002684                variablePacketReceive(unsigned char*)
 .text._Z18subISR_rising_GDO0v
                0x08002704       0xf4 ./src/variablePacketHandler.o
                0x08002704                subISR_rising_GDO0()
 .text._Z19subISR_falling_GDO0v
                0x080027f8       0xb0 ./src/variablePacketHandler.o
                0x080027f8                subISR_falling_GDO0()
 .text._Z18subISR_rising_GDO2v
                0x080028a8       0x80 ./src/variablePacketHandler.o
                0x080028a8                subISR_rising_GDO2()
 .text._Z19subISR_falling_GDO2v
                0x08002928       0xc8 ./src/variablePacketHandler.o
                0x08002928                subISR_falling_GDO2()
 .text._Z14setTriggerLine19EXTITrigger_TypeDefm
                0x080029f0       0x2c ./src/variablePacketHandler.o
                0x080029f0                setTriggerLine(EXTITrigger_TypeDef, unsigned long)
 .text._sbrk    0x08002a1c       0x68 ./libs/misc/src/_sbrk.o
                0x08002a1c                _sbrk
 .text.NVIC_PriorityGroupConfig
                0x08002a84       0x24 ./libs/StdPeriph/src/misc.o
                0x08002a84                NVIC_PriorityGroupConfig
 .text.NVIC_Init
                0x08002aa8       0xc0 ./libs/StdPeriph/src/misc.o
                0x08002aa8                NVIC_Init
 .text.EXTI_Init
                0x08002b68       0xdc ./libs/StdPeriph/src/stm32f10x_exti.o
                0x08002b68                EXTI_Init
 .text.EXTI_GetITStatus
                0x08002c44       0x48 ./libs/StdPeriph/src/stm32f10x_exti.o
                0x08002c44                EXTI_GetITStatus
 .text.EXTI_ClearITPendingBit
                0x08002c8c       0x1c ./libs/StdPeriph/src/stm32f10x_exti.o
                0x08002c8c                EXTI_ClearITPendingBit
 .text.GPIO_Init
                0x08002ca8      0x178 ./libs/StdPeriph/src/stm32f10x_gpio.o
                0x08002ca8                GPIO_Init
 .text.GPIO_StructInit
                0x08002e20       0x28 ./libs/StdPeriph/src/stm32f10x_gpio.o
                0x08002e20                GPIO_StructInit
 .text.GPIO_ReadInputDataBit
                0x08002e48       0x34 ./libs/StdPeriph/src/stm32f10x_gpio.o
                0x08002e48                GPIO_ReadInputDataBit
 .text.GPIO_ReadOutputDataBit
                0x08002e7c       0x34 ./libs/StdPeriph/src/stm32f10x_gpio.o
                0x08002e7c                GPIO_ReadOutputDataBit
 .text.GPIO_SetBits
                0x08002eb0       0x1c ./libs/StdPeriph/src/stm32f10x_gpio.o
                0x08002eb0                GPIO_SetBits
 .text.GPIO_ResetBits
                0x08002ecc       0x1c ./libs/StdPeriph/src/stm32f10x_gpio.o
                0x08002ecc                GPIO_ResetBits
 .text.GPIO_PinRemapConfig
                0x08002ee8       0xe0 ./libs/StdPeriph/src/stm32f10x_gpio.o
                0x08002ee8                GPIO_PinRemapConfig
 .text.GPIO_EXTILineConfig
                0x08002fc8       0x7c ./libs/StdPeriph/src/stm32f10x_gpio.o
                0x08002fc8                GPIO_EXTILineConfig
 .text.RCC_GetClocksFreq
                0x08003044      0x164 ./libs/StdPeriph/src/stm32f10x_rcc.o
                0x08003044                RCC_GetClocksFreq
 .text.RCC_APB2PeriphClockCmd
                0x080031a8       0x3c ./libs/StdPeriph/src/stm32f10x_rcc.o
                0x080031a8                RCC_APB2PeriphClockCmd
 .text.RCC_APB1PeriphClockCmd
                0x080031e4       0x3c ./libs/StdPeriph/src/stm32f10x_rcc.o
                0x080031e4                RCC_APB1PeriphClockCmd
 .text.SPI_Init
                0x08003220       0x88 ./libs/StdPeriph/src/stm32f10x_spi.o
                0x08003220                SPI_Init
 .text.SPI_Cmd  0x080032a8       0x40 ./libs/StdPeriph/src/stm32f10x_spi.o
                0x080032a8                SPI_Cmd
 .text.SPI_I2S_SendData
                0x080032e8       0x1c ./libs/StdPeriph/src/stm32f10x_spi.o
                0x080032e8                SPI_I2S_SendData
 .text.SPI_I2S_ReceiveData
                0x08003304       0x1c ./libs/StdPeriph/src/stm32f10x_spi.o
                0x08003304                SPI_I2S_ReceiveData
 .text.SPI_I2S_GetFlagStatus
                0x08003320       0x38 ./libs/StdPeriph/src/stm32f10x_spi.o
                0x08003320                SPI_I2S_GetFlagStatus
 .text.TIM_Cmd  0x08003358       0x40 ./libs/StdPeriph/src/stm32f10x_tim.o
                0x08003358                TIM_Cmd
 .text.TIM_ITConfig
                0x08003398       0x48 ./libs/StdPeriph/src/stm32f10x_tim.o
                0x08003398                TIM_ITConfig
 .text.TIM_PrescalerConfig
                0x080033e0       0x28 ./libs/StdPeriph/src/stm32f10x_tim.o
                0x080033e0                TIM_PrescalerConfig
 .text.TIM_ARRPreloadConfig
                0x08003408       0x40 ./libs/StdPeriph/src/stm32f10x_tim.o
                0x08003408                TIM_ARRPreloadConfig
 .text.TIM_UpdateDisableConfig
                0x08003448       0x40 ./libs/StdPeriph/src/stm32f10x_tim.o
                0x08003448                TIM_UpdateDisableConfig
 .text.TIM_UpdateRequestConfig
                0x08003488       0x40 ./libs/StdPeriph/src/stm32f10x_tim.o
                0x08003488                TIM_UpdateRequestConfig
 .text.TIM_SelectOnePulseMode
                0x080034c8       0x38 ./libs/StdPeriph/src/stm32f10x_tim.o
                0x080034c8                TIM_SelectOnePulseMode
 .text.TIM_SetAutoreload
                0x08003500       0x1c ./libs/StdPeriph/src/stm32f10x_tim.o
                0x08003500                TIM_SetAutoreload
 .text.TIM_ClearFlag
                0x0800351c       0x20 ./libs/StdPeriph/src/stm32f10x_tim.o
                0x0800351c                TIM_ClearFlag
 .text.USART_Init
                0x0800353c      0x174 ./libs/StdPeriph/src/stm32f10x_usart.o
                0x0800353c                USART_Init
 .text.USART_Cmd
                0x080036b0       0x40 ./libs/StdPeriph/src/stm32f10x_usart.o
                0x080036b0                USART_Cmd
 .text.USART_SendData
                0x080036f0       0x24 ./libs/StdPeriph/src/stm32f10x_usart.o
                0x080036f0                USART_SendData
 .text.USART_GetFlagStatus
                0x08003714       0x38 ./libs/StdPeriph/src/stm32f10x_usart.o
                0x08003714                USART_GetFlagStatus
 .text.USART_ClearITPendingBit
                0x0800374c       0x38 ./libs/StdPeriph/src/stm32f10x_usart.o
                0x0800374c                USART_ClearITPendingBit
 .text.__libc_init_array
                0x08003784       0x6c ./libs/CMSIS/src/startup_cm.o
                0x08003784                __libc_init_array
 .text.__libc_fini_array
                0x080037f0       0x3c ./libs/CMSIS/src/startup_cm.o
                0x080037f0                __libc_fini_array
 .text._exit    0x0800382c        0xc ./libs/CMSIS/src/startup_stm32f10x.o
                0x0800382c                _exit
 .text.SystemInit
                0x08003838       0x68 ./libs/CMSIS/src/system_stm32f10x.o
                0x08003838                SystemInit
 .text.SetSysClock
                0x080038a0        0xc ./libs/CMSIS/src/system_stm32f10x.o
 .text.SetSysClockTo72
                0x080038ac      0x100 ./libs/CMSIS/src/system_stm32f10x.o
 .text.__errno  0x080039ac        0xc /usr/local/gcc-arm-none-eabi-4_8-2013q4/bin/../lib/gcc/arm-none-eabi/4.8.3/../../../../arm-none-eabi/lib/armv7-m/libg.a(lib_a-errno.o)
                0x080039ac                __errno
 .text.printf   0x080039b8       0x28 /usr/local/gcc-arm-none-eabi-4_8-2013q4/bin/../lib/gcc/arm-none-eabi/4.8.3/../../../../arm-none-eabi/lib/armv7-m/libg.a(lib_a-printf.o)
                0x080039b8                printf
 .text._vfprintf_r
                0x080039e0     0x1524 /usr/local/gcc-arm-none-eabi-4_8-2013q4/bin/../lib/gcc/arm-none-eabi/4.8.3/../../../../arm-none-eabi/lib/armv7-m/libg.a(lib_a-vfprintf.o)
                0x080039e0                _vfprintf_r
 .text.__sbprintf
                0x08004f04       0x7c /usr/local/gcc-arm-none-eabi-4_8-2013q4/bin/../lib/gcc/arm-none-eabi/4.8.3/../../../../arm-none-eabi/lib/armv7-m/libg.a(lib_a-vfprintf.o)
 .text.__swsetup_r
                0x08004f80       0xc4 /usr/local/gcc-arm-none-eabi-4_8-2013q4/bin/../lib/gcc/arm-none-eabi/4.8.3/../../../../arm-none-eabi/lib/armv7-m/libg.a(lib_a-wsetup.o)
                0x08004f80                __swsetup_r
 .text.quorem   0x08005044      0x134 /usr/local/gcc-arm-none-eabi-4_8-2013q4/bin/../lib/gcc/arm-none-eabi/4.8.3/../../../../arm-none-eabi/lib/armv7-m/libg.a(lib_a-dtoa.o)
 .text._dtoa_r  0x08005178      0xe38 /usr/local/gcc-arm-none-eabi-4_8-2013q4/bin/../lib/gcc/arm-none-eabi/4.8.3/../../../../arm-none-eabi/lib/armv7-m/libg.a(lib_a-dtoa.o)
                0x08005178                _dtoa_r
 .text.__sflush_r
                0x08005fb0      0x148 /usr/local/gcc-arm-none-eabi-4_8-2013q4/bin/../lib/gcc/arm-none-eabi/4.8.3/../../../../arm-none-eabi/lib/armv7-m/libg.a(lib_a-fflush.o)
                0x08005fb0                __sflush_r
 .text._fflush_r
                0x080060f8       0x2c /usr/local/gcc-arm-none-eabi-4_8-2013q4/bin/../lib/gcc/arm-none-eabi/4.8.3/../../../../arm-none-eabi/lib/armv7-m/libg.a(lib_a-fflush.o)
                0x080060f8                _fflush_r
 .text._cleanup_r
                0x08006124        0xc /usr/local/gcc-arm-none-eabi-4_8-2013q4/bin/../lib/gcc/arm-none-eabi/4.8.3/../../../../arm-none-eabi/lib/armv7-m/libg.a(lib_a-findfp.o)
                0x08006124                _cleanup_r
 .text.__sinit  0x08006130       0xf4 /usr/local/gcc-arm-none-eabi-4_8-2013q4/bin/../lib/gcc/arm-none-eabi/4.8.3/../../../../arm-none-eabi/lib/armv7-m/libg.a(lib_a-findfp.o)
                0x08006130                __sinit
 .text.__sfp_lock_acquire
                0x08006224        0x4 /usr/local/gcc-arm-none-eabi-4_8-2013q4/bin/../lib/gcc/arm-none-eabi/4.8.3/../../../../arm-none-eabi/lib/armv7-m/libg.a(lib_a-findfp.o)
                0x08006224                __sfp_lock_acquire
 .text.__sfp_lock_release
                0x08006228        0x4 /usr/local/gcc-arm-none-eabi-4_8-2013q4/bin/../lib/gcc/arm-none-eabi/4.8.3/../../../../arm-none-eabi/lib/armv7-m/libg.a(lib_a-findfp.o)
                0x08006228                __sfp_lock_release
 .text._malloc_trim_r
                0x0800622c       0x9c /usr/local/gcc-arm-none-eabi-4_8-2013q4/bin/../lib/gcc/arm-none-eabi/4.8.3/../../../../arm-none-eabi/lib/armv7-m/libg.a(lib_a-freer.o)
                0x0800622c                _malloc_trim_r
 .text._free_r  0x080062c8      0x198 /usr/local/gcc-arm-none-eabi-4_8-2013q4/bin/../lib/gcc/arm-none-eabi/4.8.3/../../../../arm-none-eabi/lib/armv7-m/libg.a(lib_a-freer.o)
                0x080062c8                _free_r
 .text._fwalk   0x08006460       0x48 /usr/local/gcc-arm-none-eabi-4_8-2013q4/bin/../lib/gcc/arm-none-eabi/4.8.3/../../../../arm-none-eabi/lib/armv7-m/libg.a(lib_a-fwalk.o)
                0x08006460                _fwalk
 .text.__locale_charset
                0x080064a8        0x8 /usr/local/gcc-arm-none-eabi-4_8-2013q4/bin/../lib/gcc/arm-none-eabi/4.8.3/../../../../arm-none-eabi/lib/armv7-m/libg.a(lib_a-locale.o)
                0x080064a8                __locale_charset
 .text.__locale_mb_cur_max
                0x080064b0        0xc /usr/local/gcc-arm-none-eabi-4_8-2013q4/bin/../lib/gcc/arm-none-eabi/4.8.3/../../../../arm-none-eabi/lib/armv7-m/libg.a(lib_a-locale.o)
                0x080064b0                __locale_mb_cur_max
 .text._localeconv_r
                0x080064bc        0x8 /usr/local/gcc-arm-none-eabi-4_8-2013q4/bin/../lib/gcc/arm-none-eabi/4.8.3/../../../../arm-none-eabi/lib/armv7-m/libg.a(lib_a-locale.o)
                0x080064bc                _localeconv_r
 .text.__smakebuf_r
                0x080064c4       0xe0 /usr/local/gcc-arm-none-eabi-4_8-2013q4/bin/../lib/gcc/arm-none-eabi/4.8.3/../../../../arm-none-eabi/lib/armv7-m/libg.a(lib_a-makebuf.o)
                0x080064c4                __smakebuf_r
 .text._malloc_r
                0x080065a4      0x538 /usr/local/gcc-arm-none-eabi-4_8-2013q4/bin/../lib/gcc/arm-none-eabi/4.8.3/../../../../arm-none-eabi/lib/armv7-m/libg.a(lib_a-mallocr.o)
                0x080065a4                _malloc_r
 .text.memchr   0x08006adc       0x94 /usr/local/gcc-arm-none-eabi-4_8-2013q4/bin/../lib/gcc/arm-none-eabi/4.8.3/../../../../arm-none-eabi/lib/armv7-m/libg.a(lib_a-memchr-stub.o)
                0x08006adc                memchr
 .text          0x08006b70       0xec /usr/local/gcc-arm-none-eabi-4_8-2013q4/bin/../lib/gcc/arm-none-eabi/4.8.3/../../../../arm-none-eabi/lib/armv7-m/libg.a(lib_a-memcpy.o)
                0x08006b70                memcpy
 .text.memset   0x08006c5c       0x94 /usr/local/gcc-arm-none-eabi-4_8-2013q4/bin/../lib/gcc/arm-none-eabi/4.8.3/../../../../arm-none-eabi/lib/armv7-m/libg.a(lib_a-memset.o)
                0x08006c5c                memset
 .text.__malloc_lock
                0x08006cf0        0x4 /usr/local/gcc-arm-none-eabi-4_8-2013q4/bin/../lib/gcc/arm-none-eabi/4.8.3/../../../../arm-none-eabi/lib/armv7-m/libg.a(lib_a-mlock.o)
                0x08006cf0                __malloc_lock
 .text.__malloc_unlock
                0x08006cf4        0x4 /usr/local/gcc-arm-none-eabi-4_8-2013q4/bin/../lib/gcc/arm-none-eabi/4.8.3/../../../../arm-none-eabi/lib/armv7-m/libg.a(lib_a-mlock.o)
                0x08006cf4                __malloc_unlock
 .text._Balloc  0x08006cf8       0x4c /usr/local/gcc-arm-none-eabi-4_8-2013q4/bin/../lib/gcc/arm-none-eabi/4.8.3/../../../../arm-none-eabi/lib/armv7-m/libg.a(lib_a-mprec.o)
                0x08006cf8                _Balloc
 .text._Bfree   0x08006d44       0x14 /usr/local/gcc-arm-none-eabi-4_8-2013q4/bin/../lib/gcc/arm-none-eabi/4.8.3/../../../../arm-none-eabi/lib/armv7-m/libg.a(lib_a-mprec.o)
                0x08006d44                _Bfree
 .text.__multadd
                0x08006d58       0x94 /usr/local/gcc-arm-none-eabi-4_8-2013q4/bin/../lib/gcc/arm-none-eabi/4.8.3/../../../../arm-none-eabi/lib/armv7-m/libg.a(lib_a-mprec.o)
                0x08006d58                __multadd
 .text.__hi0bits
                0x08006dec       0x40 /usr/local/gcc-arm-none-eabi-4_8-2013q4/bin/../lib/gcc/arm-none-eabi/4.8.3/../../../../arm-none-eabi/lib/armv7-m/libg.a(lib_a-mprec.o)
                0x08006dec                __hi0bits
 .text.__lo0bits
                0x08006e2c       0x5c /usr/local/gcc-arm-none-eabi-4_8-2013q4/bin/../lib/gcc/arm-none-eabi/4.8.3/../../../../arm-none-eabi/lib/armv7-m/libg.a(lib_a-mprec.o)
                0x08006e2c                __lo0bits
 .text.__i2b    0x08006e88       0x14 /usr/local/gcc-arm-none-eabi-4_8-2013q4/bin/../lib/gcc/arm-none-eabi/4.8.3/../../../../arm-none-eabi/lib/armv7-m/libg.a(lib_a-mprec.o)
                0x08006e88                __i2b
 .text.__multiply
                0x08006e9c      0x13c /usr/local/gcc-arm-none-eabi-4_8-2013q4/bin/../lib/gcc/arm-none-eabi/4.8.3/../../../../arm-none-eabi/lib/armv7-m/libg.a(lib_a-mprec.o)
                0x08006e9c                __multiply
 .text.__pow5mult
                0x08006fd8       0x9c /usr/local/gcc-arm-none-eabi-4_8-2013q4/bin/../lib/gcc/arm-none-eabi/4.8.3/../../../../arm-none-eabi/lib/armv7-m/libg.a(lib_a-mprec.o)
                0x08006fd8                __pow5mult
 .text.__lshift
                0x08007074       0xbc /usr/local/gcc-arm-none-eabi-4_8-2013q4/bin/../lib/gcc/arm-none-eabi/4.8.3/../../../../arm-none-eabi/lib/armv7-m/libg.a(lib_a-mprec.o)
                0x08007074                __lshift
 .text.__mcmp   0x08007130       0x48 /usr/local/gcc-arm-none-eabi-4_8-2013q4/bin/../lib/gcc/arm-none-eabi/4.8.3/../../../../arm-none-eabi/lib/armv7-m/libg.a(lib_a-mprec.o)
                0x08007130                __mcmp
 .text.__mdiff  0x08007178       0xd8 /usr/local/gcc-arm-none-eabi-4_8-2013q4/bin/../lib/gcc/arm-none-eabi/4.8.3/../../../../arm-none-eabi/lib/armv7-m/libg.a(lib_a-mprec.o)
                0x08007178                __mdiff
 .text.__d2b    0x08007250       0xbc /usr/local/gcc-arm-none-eabi-4_8-2013q4/bin/../lib/gcc/arm-none-eabi/4.8.3/../../../../arm-none-eabi/lib/armv7-m/libg.a(lib_a-mprec.o)
                0x08007250                __d2b
 .text.__fpclassifyd
                0x0800730c       0x50 /usr/local/gcc-arm-none-eabi-4_8-2013q4/bin/../lib/gcc/arm-none-eabi/4.8.3/../../../../arm-none-eabi/lib/armv7-m/libg.a(lib_a-s_fpclassify.o)
                0x0800730c                __fpclassifyd
 .text._sbrk_r  0x0800735c       0x24 /usr/local/gcc-arm-none-eabi-4_8-2013q4/bin/../lib/gcc/arm-none-eabi/4.8.3/../../../../arm-none-eabi/lib/armv7-m/libg.a(lib_a-sbrkr.o)
                0x0800735c                _sbrk_r
 .text.__sread  0x08007380       0x24 /usr/local/gcc-arm-none-eabi-4_8-2013q4/bin/../lib/gcc/arm-none-eabi/4.8.3/../../../../arm-none-eabi/lib/armv7-m/libg.a(lib_a-stdio.o)
                0x08007380                __sread
 .text.__swrite
                0x080073a4       0x38 /usr/local/gcc-arm-none-eabi-4_8-2013q4/bin/../lib/gcc/arm-none-eabi/4.8.3/../../../../arm-none-eabi/lib/armv7-m/libg.a(lib_a-stdio.o)
                0x080073a4                __swrite
 .text.__sseek  0x080073dc       0x24 /usr/local/gcc-arm-none-eabi-4_8-2013q4/bin/../lib/gcc/arm-none-eabi/4.8.3/../../../../arm-none-eabi/lib/armv7-m/libg.a(lib_a-stdio.o)
                0x080073dc                __sseek
 .text.__sclose
                0x08007400        0x8 /usr/local/gcc-arm-none-eabi-4_8-2013q4/bin/../lib/gcc/arm-none-eabi/4.8.3/../../../../arm-none-eabi/lib/armv7-m/libg.a(lib_a-stdio.o)
                0x08007400                __sclose
 .text.strlen   0x08007408       0x60 /usr/local/gcc-arm-none-eabi-4_8-2013q4/bin/../lib/gcc/arm-none-eabi/4.8.3/../../../../arm-none-eabi/lib/armv7-m/libg.a(lib_a-strlen.o)
                0x08007408                strlen
 .text.__sprint_r.part.0
                0x08007468       0x78 /usr/local/gcc-arm-none-eabi-4_8-2013q4/bin/../lib/gcc/arm-none-eabi/4.8.3/../../../../arm-none-eabi/lib/armv7-m/libg.a(lib_a-vfiprintf.o)
 .text.__sprint_r
                0x080074e0       0x18 /usr/local/gcc-arm-none-eabi-4_8-2013q4/bin/../lib/gcc/arm-none-eabi/4.8.3/../../../../arm-none-eabi/lib/armv7-m/libg.a(lib_a-vfiprintf.o)
                0x080074e0                __sprint_r
 .text._write_r
                0x080074f8       0x28 /usr/local/gcc-arm-none-eabi-4_8-2013q4/bin/../lib/gcc/arm-none-eabi/4.8.3/../../../../arm-none-eabi/lib/armv7-m/libg.a(lib_a-writer.o)
                0x080074f8                _write_r
 .text._calloc_r
                0x08007520       0x60 /usr/local/gcc-arm-none-eabi-4_8-2013q4/bin/../lib/gcc/arm-none-eabi/4.8.3/../../../../arm-none-eabi/lib/armv7-m/libg.a(lib_a-callocr.o)
                0x08007520                _calloc_r
 .text._close_r
                0x08007580       0x24 /usr/local/gcc-arm-none-eabi-4_8-2013q4/bin/../lib/gcc/arm-none-eabi/4.8.3/../../../../arm-none-eabi/lib/armv7-m/libg.a(lib_a-closer.o)
                0x08007580                _close_r
 .text._fclose_r
                0x080075a4       0x80 /usr/local/gcc-arm-none-eabi-4_8-2013q4/bin/../lib/gcc/arm-none-eabi/4.8.3/../../../../arm-none-eabi/lib/armv7-m/libg.a(lib_a-fclose.o)
                0x080075a4                _fclose_r
 .text.fclose   0x08007624       0x10 /usr/local/gcc-arm-none-eabi-4_8-2013q4/bin/../lib/gcc/arm-none-eabi/4.8.3/../../../../arm-none-eabi/lib/armv7-m/libg.a(lib_a-fclose.o)
                0x08007624                fclose
 .text._fputwc_r
                0x08007634       0xc0 /usr/local/gcc-arm-none-eabi-4_8-2013q4/bin/../lib/gcc/arm-none-eabi/4.8.3/../../../../arm-none-eabi/lib/armv7-m/libg.a(lib_a-fputwc.o)
                0x08007634                _fputwc_r
 .text._fstat_r
                0x080076f4       0x28 /usr/local/gcc-arm-none-eabi-4_8-2013q4/bin/../lib/gcc/arm-none-eabi/4.8.3/../../../../arm-none-eabi/lib/armv7-m/libg.a(lib_a-fstatr.o)
                0x080076f4                _fstat_r
 .text.__sfvwrite_r
                0x0800771c      0x314 /usr/local/gcc-arm-none-eabi-4_8-2013q4/bin/../lib/gcc/arm-none-eabi/4.8.3/../../../../arm-none-eabi/lib/armv7-m/libg.a(lib_a-fvwrite.o)
                0x0800771c                __sfvwrite_r
 .text._isatty_r
                0x08007a30       0x24 /usr/local/gcc-arm-none-eabi-4_8-2013q4/bin/../lib/gcc/arm-none-eabi/4.8.3/../../../../arm-none-eabi/lib/armv7-m/libg.a(lib_a-isattyr.o)
                0x08007a30                _isatty_r
 .text._lseek_r
                0x08007a54       0x28 /usr/local/gcc-arm-none-eabi-4_8-2013q4/bin/../lib/gcc/arm-none-eabi/4.8.3/../../../../arm-none-eabi/lib/armv7-m/libg.a(lib_a-lseekr.o)
                0x08007a54                _lseek_r
 .text.memmove  0x08007a7c       0xcc /usr/local/gcc-arm-none-eabi-4_8-2013q4/bin/../lib/gcc/arm-none-eabi/4.8.3/../../../../arm-none-eabi/lib/armv7-m/libg.a(lib_a-memmove.o)
                0x08007a7c                memmove
 .text._read_r  0x08007b48       0x28 /usr/local/gcc-arm-none-eabi-4_8-2013q4/bin/../lib/gcc/arm-none-eabi/4.8.3/../../../../arm-none-eabi/lib/armv7-m/libg.a(lib_a-readr.o)
                0x08007b48                _read_r
 .text._realloc_r
                0x08007b70      0x3c0 /usr/local/gcc-arm-none-eabi-4_8-2013q4/bin/../lib/gcc/arm-none-eabi/4.8.3/../../../../arm-none-eabi/lib/armv7-m/libg.a(lib_a-reallocr.o)
                0x08007b70                _realloc_r
 .text.__swbuf_r
                0x08007f30       0xa8 /usr/local/gcc-arm-none-eabi-4_8-2013q4/bin/../lib/gcc/arm-none-eabi/4.8.3/../../../../arm-none-eabi/lib/armv7-m/libg.a(lib_a-wbuf.o)
                0x08007f30                __swbuf_r
 .text._wcrtomb_r
                0x08007fd8       0x50 /usr/local/gcc-arm-none-eabi-4_8-2013q4/bin/../lib/gcc/arm-none-eabi/4.8.3/../../../../arm-none-eabi/lib/armv7-m/libg.a(lib_a-wcrtomb.o)
                0x08007fd8                _wcrtomb_r
 .text.__ascii_wctomb
                0x08008028       0x1c /usr/local/gcc-arm-none-eabi-4_8-2013q4/bin/../lib/gcc/arm-none-eabi/4.8.3/../../../../arm-none-eabi/lib/armv7-m/libg.a(lib_a-wctomb_r.o)
                0x08008028                __ascii_wctomb
 .text          0x08008044      0x370 /usr/local/gcc-arm-none-eabi-4_8-2013q4/bin/../lib/gcc/arm-none-eabi/4.8.3/armv7-m/libgcc.a(_arm_addsubdf3.o)
                0x08008044                __aeabi_drsub
                0x0800804c                __aeabi_dsub
                0x0800804c                __subdf3
                0x08008050                __adddf3
                0x08008050                __aeabi_dadd
                0x080082c8                __aeabi_ui2d
                0x080082c8                __floatunsidf
                0x080082e8                __floatsidf
                0x080082e8                __aeabi_i2d
                0x0800830c                __extendsfdf2
                0x0800830c                __aeabi_f2d
                0x08008348                __aeabi_ul2d
                0x08008348                __floatundidf
                0x08008358                __floatdidf
                0x08008358                __aeabi_l2d
 .text          0x080083b4      0x424 /usr/local/gcc-arm-none-eabi-4_8-2013q4/bin/../lib/gcc/arm-none-eabi/4.8.3/armv7-m/libgcc.a(_arm_muldivdf3.o)
                0x080083b4                __aeabi_dmul
                0x080083b4                __muldf3
                0x08008608                __aeabi_ddiv
                0x08008608                __divdf3
 .text          0x080087d8      0x110 /usr/local/gcc-arm-none-eabi-4_8-2013q4/bin/../lib/gcc/arm-none-eabi/4.8.3/armv7-m/libgcc.a(_arm_cmpdf2.o)
                0x080087d8                __gtdf2
                0x080087d8                __gedf2
                0x080087e0                __ltdf2
                0x080087e0                __ledf2
                0x080087e8                __cmpdf2
                0x080087e8                __eqdf2
                0x080087e8                __nedf2
                0x08008864                __aeabi_cdrcmple
                0x08008874                __aeabi_cdcmple
                0x08008874                __aeabi_cdcmpeq
                0x08008884                __aeabi_dcmpeq
                0x08008898                __aeabi_dcmplt
                0x080088ac                __aeabi_dcmple
                0x080088c0                __aeabi_dcmpge
                0x080088d4                __aeabi_dcmpgt
 .text          0x080088e8       0x50 /usr/local/gcc-arm-none-eabi-4_8-2013q4/bin/../lib/gcc/arm-none-eabi/4.8.3/armv7-m/libgcc.a(_arm_fixdfsi.o)
                0x080088e8                __fixdfsi
                0x080088e8                __aeabi_d2iz
 .text          0x08008938       0x2c /usr/local/gcc-arm-none-eabi-4_8-2013q4/bin/../lib/gcc/arm-none-eabi/4.8.3/armv7-m/libgcc.a(_aeabi_uldivmod.o)
                0x08008938                __aeabi_uldivmod
 .text          0x08008964       0x60 /usr/local/gcc-arm-none-eabi-4_8-2013q4/bin/../lib/gcc/arm-none-eabi/4.8.3/armv7-m/libgcc.a(bpabi.o)
                0x08008964                __gnu_ldivmod_helper
                0x08008994                __gnu_uldivmod_helper
 .text          0x080089c4        0x4 /usr/local/gcc-arm-none-eabi-4_8-2013q4/bin/../lib/gcc/arm-none-eabi/4.8.3/armv7-m/libgcc.a(_dvmd_tls.o)
                0x080089c4                __aeabi_ldiv0
                0x080089c4                __aeabi_idiv0
 .text          0x080089c8      0x2a0 /usr/local/gcc-arm-none-eabi-4_8-2013q4/bin/../lib/gcc/arm-none-eabi/4.8.3/armv7-m/libgcc.a(_divdi3.o)
                0x080089c8                __divdi3
 .text          0x08008c68      0x290 /usr/local/gcc-arm-none-eabi-4_8-2013q4/bin/../lib/gcc/arm-none-eabi/4.8.3/armv7-m/libgcc.a(_udivdi3.o)
                0x08008c68                __udivdi3
 .text._close   0x08008ef8       0x10 /usr/local/gcc-arm-none-eabi-4_8-2013q4/bin/../lib/gcc/arm-none-eabi/4.8.3/../../../../arm-none-eabi/lib/armv7-m/libnosys.a(close.o)
                0x08008ef8                _close
 .text._fstat   0x08008f08       0x10 /usr/local/gcc-arm-none-eabi-4_8-2013q4/bin/../lib/gcc/arm-none-eabi/4.8.3/../../../../arm-none-eabi/lib/armv7-m/libnosys.a(fstat.o)
                0x08008f08                _fstat
 .text._isatty  0x08008f18       0x10 /usr/local/gcc-arm-none-eabi-4_8-2013q4/bin/../lib/gcc/arm-none-eabi/4.8.3/../../../../arm-none-eabi/lib/armv7-m/libnosys.a(isatty.o)
                0x08008f18                _isatty
 .text._lseek   0x08008f28       0x10 /usr/local/gcc-arm-none-eabi-4_8-2013q4/bin/../lib/gcc/arm-none-eabi/4.8.3/../../../../arm-none-eabi/lib/armv7-m/libnosys.a(lseek.o)
                0x08008f28                _lseek
 .text._read    0x08008f38       0x10 /usr/local/gcc-arm-none-eabi-4_8-2013q4/bin/../lib/gcc/arm-none-eabi/4.8.3/../../../../arm-none-eabi/lib/armv7-m/libnosys.a(read.o)
                0x08008f38                _read
 *(.rodata .rodata.*)
 .rodata._ZL13btn_GPIO_pins
                0x08008f48        0x4 ./src/MB1_Buttons.o
 .rodata._ZL13btn_GPIO_clks
                0x08008f4c        0x8 ./src/MB1_Buttons.o
 .rodata._ZL10LedGPIOPin
                0x08008f54        0x8 ./src/MB1_Leds.o
 .rodata._ZL10LedGPIOClk
                0x08008f5c       0x10 ./src/MB1_Leds.o
 .rodata._ZL12GPIO_isRemap
                0x08008f6c        0x4 ./src/MB1_SPI.o
 .rodata._ZL9MOSI_pins
                0x08008f70        0x8 ./src/MB1_SPI.o
 .rodata._ZL9MISO_pins
                0x08008f78        0x8 ./src/MB1_SPI.o
 .rodata._ZL8SCK_pins
                0x08008f80        0x8 ./src/MB1_SPI.o
 .rodata._ZL14_USART_TXD_PIN
                0x08008f88        0xc ./src/MB1_Serial_t.o
 .rodata._ZL14_USART_RXD_PIN
                0x08008f94        0xc ./src/MB1_Serial_t.o
 .rodata._ZL14_USART_TXD_CLK
                0x08008fa0       0x14 ./src/MB1_Serial_t.o
 .rodata._ZL14_USART_RXD_CLK
                0x08008fb4       0x14 ./src/MB1_Serial_t.o
 .rodata._ZL10_USART_CLK
                0x08008fc8       0x14 ./src/MB1_Serial_t.o
 .rodata        0x08008fdc        0xc ./src/variablePacketHandler.o
 .rodata.str1.4
                0x08008fe8        0x2 /usr/local/gcc-arm-none-eabi-4_8-2013q4/bin/../lib/gcc/arm-none-eabi/4.8.3/../../../../arm-none-eabi/lib/armv7-m/libg.a(lib_a-impure.o)
                                  0x4 (size before relaxing)
 *fill*         0x08008fea        0x2 
 .rodata.zeroes.6759
                0x08008fec       0x10 /usr/local/gcc-arm-none-eabi-4_8-2013q4/bin/../lib/gcc/arm-none-eabi/4.8.3/../../../../arm-none-eabi/lib/armv7-m/libg.a(lib_a-vfprintf.o)
 .rodata.str1.4
                0x08008ffc       0x42 /usr/local/gcc-arm-none-eabi-4_8-2013q4/bin/../lib/gcc/arm-none-eabi/4.8.3/../../../../arm-none-eabi/lib/armv7-m/libg.a(lib_a-vfprintf.o)
                                 0x44 (size before relaxing)
 *fill*         0x0800903e        0x2 
 .rodata.blanks.6758
                0x08009040       0x10 /usr/local/gcc-arm-none-eabi-4_8-2013q4/bin/../lib/gcc/arm-none-eabi/4.8.3/../../../../arm-none-eabi/lib/armv7-m/libg.a(lib_a-vfprintf.o)
 .rodata.str1.4
                0x08009050       0x10 /usr/local/gcc-arm-none-eabi-4_8-2013q4/bin/../lib/gcc/arm-none-eabi/4.8.3/../../../../arm-none-eabi/lib/armv7-m/libg.a(lib_a-dtoa.o)
                                 0x14 (size before relaxing)
 .rodata.str1.4
                0x08009060        0xc /usr/local/gcc-arm-none-eabi-4_8-2013q4/bin/../lib/gcc/arm-none-eabi/4.8.3/../../../../arm-none-eabi/lib/armv7-m/libg.a(lib_a-locale.o)
                                 0x14 (size before relaxing)
 .rodata.p05.5288
                0x0800906c        0xc /usr/local/gcc-arm-none-eabi-4_8-2013q4/bin/../lib/gcc/arm-none-eabi/4.8.3/../../../../arm-none-eabi/lib/armv7-m/libg.a(lib_a-mprec.o)
 .rodata.__mprec_tens
                0x08009078       0xc8 /usr/local/gcc-arm-none-eabi-4_8-2013q4/bin/../lib/gcc/arm-none-eabi/4.8.3/../../../../arm-none-eabi/lib/armv7-m/libg.a(lib_a-mprec.o)
                0x08009078                __mprec_tens
 .rodata.__mprec_bigtens
                0x08009140       0x28 /usr/local/gcc-arm-none-eabi-4_8-2013q4/bin/../lib/gcc/arm-none-eabi/4.8.3/../../../../arm-none-eabi/lib/armv7-m/libg.a(lib_a-mprec.o)
                0x08009140                __mprec_bigtens
 *(.eh_frame*)
 *(.glue_7)
 .glue_7        0x00000000        0x0 linker stubs
 *(.glue_7t)
 .glue_7t       0x00000000        0x0 linker stubs

.vfp11_veneer   0x08009168        0x0
 .vfp11_veneer  0x00000000        0x0 linker stubs

.v4_bx          0x08009168        0x0
 .v4_bx         0x00000000        0x0 linker stubs

.iplt           0x08009168        0x0
 .iplt          0x00000000        0x0 ./src/HA_System.o

.ARM.extab
 *(.ARM.extab* .gnu.linkonce.armextab.*)
                0x08009168                __exidx_start = .

.ARM.exidx      0x08009168        0x8
 *(.ARM.exidx* .gnu.linkonce.armexidx.*)
 .ARM.exidx     0x08009168        0x8 /usr/local/gcc-arm-none-eabi-4_8-2013q4/bin/../lib/gcc/arm-none-eabi/4.8.3/armv7-m/libgcc.a(_divdi3.o)
 .ARM.exidx     0x08009170        0x0 /usr/local/gcc-arm-none-eabi-4_8-2013q4/bin/../lib/gcc/arm-none-eabi/4.8.3/armv7-m/libgcc.a(_udivdi3.o)
                                  0x8 (size before relaxing)
                0x08009170                __exidx_end = .

.rel.dyn        0x08009170        0x0
 .rel.iplt      0x00000000        0x0 ./src/HA_System.o
                0x08009170                . = ALIGN (0x4)
                0x08009170                _etext = .
                0x08009170                _sidata = _etext

.ROarraySection
 *(.ROarraySection .ROarraySection.*)

.data           0x20000000      0x9bc load address 0x08009170
                0x20000000                . = ALIGN (0x4)
                0x20000000                _sdata = .
                0x20000000                __data_start__ = .
 *(vtable)
 *(EXCLUDE_FILE(*rdimon-crt0.o) .data .data.*)
 .data.HA_SPI_ptr
                0x20000000        0x4 ./src/HA_System.o
                0x20000000                HA_SPI_ptr
 .data.HA_ISR_ptr
                0x20000004        0x4 ./src/HA_System.o
                0x20000004                HA_ISR_ptr
 .data.HA_SPI_decodeTable
                0x20000008        0x4 ./src/HA_System.o
                0x20000008                HA_SPI_decodeTable
 .data.btn_GPIO_ports
                0x2000000c        0x8 ./src/MB1_Buttons.o
                0x2000000c                btn_GPIO_ports
 .data.btn_GPIO_modes
                0x20000014        0x4 ./src/MB1_Buttons.o
                0x20000014                btn_GPIO_modes
 .data.btn_GPIO_speeds
                0x20000018        0x4 ./src/MB1_Buttons.o
                0x20000018                btn_GPIO_speeds
 .data.btn_processingFunctions_p
                0x2000001c        0x8 ./src/MB1_Buttons.o
                0x2000001c                btn_processingFunctions_p
 .data.LedGPIOPorts
                0x20000024       0x10 ./src/MB1_Leds.o
                0x20000024                LedGPIOPorts
 .data.LedGPIOMode
                0x20000034        0x4 ./src/MB1_Leds.o
                0x20000034                LedGPIOMode
 .data.LedGPIOSpeed
                0x20000038        0x4 ./src/MB1_Leds.o
                0x20000038                LedGPIOSpeed
 .data._ZL13LedBeat_count
                0x2000003c        0x2 ./src/MB1_Misc.o
 *fill*         0x2000003e        0x2 
 .data.SPIs     0x20000040        0x8 ./src/MB1_SPI.o
                0x20000040                SPIs
 .data.RCCSPIs  0x20000048        0x8 ./src/MB1_SPI.o
                0x20000048                RCCSPIs
 .data.RCCSPI_FPtrs
                0x20000050        0x8 ./src/MB1_SPI.o
                0x20000050                RCCSPI_FPtrs
 .data.MOSI_ports
                0x20000058       0x10 ./src/MB1_SPI.o
                0x20000058                MOSI_ports
 .data.MOSI_RCCs
                0x20000068       0x10 ./src/MB1_SPI.o
                0x20000068                MOSI_RCCs
 .data.MISO_ports
                0x20000078       0x10 ./src/MB1_SPI.o
                0x20000078                MISO_ports
 .data.MISO_RCCs
                0x20000088       0x10 ./src/MB1_SPI.o
                0x20000088                MISO_RCCs
 .data.SCK_ports
                0x20000098       0x10 ./src/MB1_SPI.o
                0x20000098                SCK_ports
 .data.SCK_RCCs
                0x200000a8       0x10 ./src/MB1_SPI.o
                0x200000a8                SCK_RCCs
 .data._USART_TXD_PORT
                0x200000b8       0x14 ./src/MB1_Serial_t.o
                0x200000b8                _USART_TXD_PORT
 .data._USART_RXD_PORT
                0x200000cc       0x14 ./src/MB1_Serial_t.o
                0x200000cc                _USART_RXD_PORT
 .data._USARTs  0x200000e0       0x14 ./src/MB1_Serial_t.o
                0x200000e0                _USARTs
 .data.MB1_conf_miscTIM_p
                0x200000f4        0x4 ./src/MB1_System.o
                0x200000f4                MB1_conf_miscTIM_p
 .data.MB1_conf_miscTIM_ISRType
                0x200000f8        0x1 ./src/MB1_System.o
                0x200000f8                MB1_conf_miscTIM_ISRType
 *fill*         0x200000f9        0x3 
 .data.MB1_conf_ledBeat_p
                0x200000fc        0x4 ./src/MB1_System.o
                0x200000fc                MB1_conf_ledBeat_p
 .data.paTable  0x20000100        0x8 ./src/driverCC1101.o
                0x20000100                paTable
 .data.STATE    0x20000108        0x1 ./src/main.o
                0x20000108                STATE
 .data.subISR_EXTI0
                0x20000109        0x1 ./src/variablePacketHandler.o
                0x20000109                subISR_EXTI0
 .data.subISR_EXTI1
                0x2000010a        0x1 ./src/variablePacketHandler.o
                0x2000010a                subISR_EXTI1
 *fill*         0x2000010b        0x1 
 .data.APBAHBPrescTable
                0x2000010c       0x10 ./libs/StdPeriph/src/stm32f10x_rcc.o
 .data.ADCPrescTable
                0x2000011c        0x4 ./libs/StdPeriph/src/stm32f10x_rcc.o
 .data.impure_data
                0x20000120      0x428 /usr/local/gcc-arm-none-eabi-4_8-2013q4/bin/../lib/gcc/arm-none-eabi/4.8.3/../../../../arm-none-eabi/lib/armv7-m/libg.a(lib_a-impure.o)
 .data._impure_ptr
                0x20000548        0x4 /usr/local/gcc-arm-none-eabi-4_8-2013q4/bin/../lib/gcc/arm-none-eabi/4.8.3/../../../../arm-none-eabi/lib/armv7-m/libg.a(lib_a-impure.o)
                0x20000548                _impure_ptr
 .data.lconv    0x2000054c       0x38 /usr/local/gcc-arm-none-eabi-4_8-2013q4/bin/../lib/gcc/arm-none-eabi/4.8.3/../../../../arm-none-eabi/lib/armv7-m/libg.a(lib_a-locale.o)
 .data.lc_ctype_charset
                0x20000584       0x20 /usr/local/gcc-arm-none-eabi-4_8-2013q4/bin/../lib/gcc/arm-none-eabi/4.8.3/../../../../arm-none-eabi/lib/armv7-m/libg.a(lib_a-locale.o)
 .data.__mb_cur_max
                0x200005a4        0x4 /usr/local/gcc-arm-none-eabi-4_8-2013q4/bin/../lib/gcc/arm-none-eabi/4.8.3/../../../../arm-none-eabi/lib/armv7-m/libg.a(lib_a-locale.o)
                0x200005a4                __mb_cur_max
 .data.__malloc_av_
                0x200005a8      0x408 /usr/local/gcc-arm-none-eabi-4_8-2013q4/bin/../lib/gcc/arm-none-eabi/4.8.3/../../../../arm-none-eabi/lib/armv7-m/libg.a(lib_a-mallocr.o)
                0x200005a8                __malloc_av_
 .data.__malloc_trim_threshold
                0x200009b0        0x4 /usr/local/gcc-arm-none-eabi-4_8-2013q4/bin/../lib/gcc/arm-none-eabi/4.8.3/../../../../arm-none-eabi/lib/armv7-m/libg.a(lib_a-mallocr.o)
                0x200009b0                __malloc_trim_threshold
 .data.__malloc_sbrk_base
                0x200009b4        0x4 /usr/local/gcc-arm-none-eabi-4_8-2013q4/bin/../lib/gcc/arm-none-eabi/4.8.3/../../../../arm-none-eabi/lib/armv7-m/libg.a(lib_a-mallocr.o)
                0x200009b4                __malloc_sbrk_base
 .data.__wctomb
                0x200009b8        0x4 /usr/local/gcc-arm-none-eabi-4_8-2013q4/bin/../lib/gcc/arm-none-eabi/4.8.3/../../../../arm-none-eabi/lib/armv7-m/libg.a(lib_a-wctomb_r.o)
                0x200009b8                __wctomb
                0x200009bc                . = ALIGN (0x4)
                0x200009bc                _edata = .
                0x200009bc                __data_end__ = .

.igot.plt       0x200009bc        0x0 load address 0x08009b2c
 .igot.plt      0x00000000        0x0 ./src/HA_System.o

.bss            0x200009bc      0x34c load address 0x08009b2c
                0x200009bc                . = ALIGN (0x4)
 *rdimon-crt0.o(.data)
                0x200009bc                . = ALIGN (0x4)
                0x200009bc                __bss_start__ = .
                0x200009bc                _sbss = .
 *(.bss .bss.*)
 .bss.RF1       0x200009bc        0x8 ./src/HA_System.o
                0x200009bc                RF1
 .bss.HA_CC_SPI_ptr
                0x200009c4        0x4 ./src/HA_System.o
                0x200009c4                HA_CC_SPI_ptr
 .bss.EXTI_InitStructure
                0x200009c8        0x8 ./src/HA_System.o
                0x200009c8                EXTI_InitStructure
 .bss.keyRead_1
                0x200009d0        0x4 ./src/MB1_Buttons.o
                0x200009d0                keyRead_1
 .bss.keyRead_2
                0x200009d4        0x4 ./src/MB1_Buttons.o
                0x200009d4                keyRead_2
 .bss.keyRead_3
                0x200009d8        0x4 ./src/MB1_Buttons.o
                0x200009d8                keyRead_3
 .bss.keyOldState
                0x200009dc        0x4 ./src/MB1_Buttons.o
                0x200009dc                keyOldState
 .bss.isNewKeyPressed
                0x200009e0        0x4 ./src/MB1_Buttons.o
                0x200009e0                isNewKeyPressed
 .bss.isLongTimePressed
                0x200009e4        0x4 ./src/MB1_Buttons.o
                0x200009e4                isLongTimePressed
 .bss.longTimePressed_count
                0x200009e8        0x4 ./src/MB1_Buttons.o
                0x200009e8                longTimePressed_count
 .bss.timeCycle_count
                0x200009ec        0x1 ./src/MB1_Buttons.o
                0x200009ec                timeCycle_count
 *fill*         0x200009ed        0x3 
 .bss.SysTick_subISR_table
                0x200009f0       0x10 ./src/MB1_ISR.o
                0x200009f0                SysTick_subISR_table
 .bss.TIM6_subISR_table
                0x20000a00       0x10 ./src/MB1_ISR.o
                0x20000a00                TIM6_subISR_table
 .bss.USART1_subISR_table
                0x20000a10       0x10 ./src/MB1_ISR.o
                0x20000a10                USART1_subISR_table
 .bss.EXTI0_subISR_table
                0x20000a20       0x10 ./src/MB1_ISR.o
                0x20000a20                EXTI0_subISR_table
 .bss.EXTI1_subISR_table
                0x20000a30       0x10 ./src/MB1_ISR.o
                0x20000a30                EXTI1_subISR_table
 .bss._ZL14LedBeat_LedPtr
                0x20000a40        0x4 ./src/MB1_Misc.o
 .bss.ledBeat_period
                0x20000a44        0x2 ./src/MB1_Misc.o
                0x20000a44                ledBeat_period
 *fill*         0x20000a46        0x2 
 .bss._ZL13Delayms_count
                0x20000a48        0x4 ./src/MB1_Misc.o
 .bss.miscTIM_period
                0x20000a4c        0x2 ./src/MB1_Misc.o
                0x20000a4c                miscTIM_period
 *fill*         0x20000a4e        0x2 
 .bss._ZL15USART_stdoutPtr
                0x20000a50        0x4 ./src/MB1_Serial_t.o
 .bss._ZL15USART_stderrPtr
                0x20000a54        0x4 ./src/MB1_Serial_t.o
 .bss._ZL14USART_stdinPtr
                0x20000a58        0x4 ./src/MB1_Serial_t.o
 .bss.MB1_SPI1  0x20000a5c       0x34 ./src/MB1_System.o
                0x20000a5c                MB1_SPI1
 .bss.MB1_SPI2  0x20000a90       0x34 ./src/MB1_System.o
                0x20000a90                MB1_SPI2
 .bss.MB1_Led_D5
                0x20000ac4        0x4 ./src/MB1_System.o
                0x20000ac4                MB1_Led_D5
 .bss.MB1_RGB_red
                0x20000ac8        0x4 ./src/MB1_System.o
                0x20000ac8                MB1_RGB_red
 .bss.MB1_RGB_blue
                0x20000acc        0x4 ./src/MB1_System.o
                0x20000acc                MB1_RGB_blue
 .bss.MB1_RGB_green
                0x20000ad0        0x4 ./src/MB1_System.o
                0x20000ad0                MB1_RGB_green
 .bss.MB1_usrBtn0
                0x20000ad4        0x4 ./src/MB1_System.o
                0x20000ad4                MB1_usrBtn0
 .bss.MB1_usrBtn1
                0x20000ad8        0x4 ./src/MB1_System.o
                0x20000ad8                MB1_usrBtn1
 .bss.MB1_USART1
                0x20000adc        0x4 ./src/MB1_System.o
                0x20000adc                MB1_USART1
 .bss.MB1_USART2
                0x20000ae0        0x4 ./src/MB1_System.o
                0x20000ae0                MB1_USART2
 .bss.MB1_ISRs  0x20000ae4        0x4 ./src/MB1_System.o
                0x20000ae4                MB1_ISRs
 .bss.CC_SPI_params_struct
                0x20000ae8       0x14 ./src/driverCC1101.o
                0x20000ae8                CC_SPI_params_struct
 .bss.GPIO_GDO  0x20000afc        0x4 ./src/driverCC1101.o
                0x20000afc                GPIO_GDO
 .bss.MB1_SPI_params_s
                0x20000b00       0x14 ./src/main.o
                0x20000b00                MB1_SPI_params_s
 .bss.i         0x20000b14        0x1 ./src/main.o
                0x20000b14                i
 *fill*         0x20000b15        0x3 
 .bss.txBuf     0x20000b18       0xcc ./src/variablePacketHandler.o
                0x20000b18                txBuf
 .bss.rxBuf     0x20000be4       0xcc ./src/variablePacketHandler.o
                0x20000be4                rxBuf
 .bss.mode      0x20000cb0        0x1 ./src/variablePacketHandler.o
                0x20000cb0                mode
 *fill*         0x20000cb1        0x3 
 .bss.wrData    0x20000cb4        0xc ./src/variablePacketHandler.o
                0x20000cb4                wrData
 .bss.rdData    0x20000cc0        0xc ./src/variablePacketHandler.o
                0x20000cc0                rdData
 .bss.current_heap_end.4278
                0x20000ccc        0x4 ./libs/misc/src/_sbrk.o
 .bss.__malloc_max_total_mem
                0x20000cd0        0x4 /usr/local/gcc-arm-none-eabi-4_8-2013q4/bin/../lib/gcc/arm-none-eabi/4.8.3/../../../../arm-none-eabi/lib/armv7-m/libg.a(lib_a-mallocr.o)
                0x20000cd0                __malloc_max_total_mem
 .bss.__malloc_max_sbrked_mem
                0x20000cd4        0x4 /usr/local/gcc-arm-none-eabi-4_8-2013q4/bin/../lib/gcc/arm-none-eabi/4.8.3/../../../../arm-none-eabi/lib/armv7-m/libg.a(lib_a-mallocr.o)
                0x20000cd4                __malloc_max_sbrked_mem
 .bss.__malloc_top_pad
                0x20000cd8        0x4 /usr/local/gcc-arm-none-eabi-4_8-2013q4/bin/../lib/gcc/arm-none-eabi/4.8.3/../../../../arm-none-eabi/lib/armv7-m/libg.a(lib_a-mallocr.o)
                0x20000cd8                __malloc_top_pad
 .bss.__malloc_current_mallinfo
                0x20000cdc       0x28 /usr/local/gcc-arm-none-eabi-4_8-2013q4/bin/../lib/gcc/arm-none-eabi/4.8.3/../../../../arm-none-eabi/lib/armv7-m/libg.a(lib_a-mallocr.o)
                0x20000cdc                __malloc_current_mallinfo
 *(COMMON)
 COMMON         0x20000d04        0x4 /usr/local/gcc-arm-none-eabi-4_8-2013q4/bin/../lib/gcc/arm-none-eabi/4.8.3/../../../../arm-none-eabi/lib/armv7-m/libg.a(lib_a-reent.o)
                0x20000d04                errno
                0x20000d08                . = ALIGN (0x4)
                0x20000d08                __bss_end__ = .
                0x20000d08                _ebss = .

.noinit         0x20000d08        0x0
                0x20000d08                . = ALIGN (0x4)
                0x20000d08                _noinit = .
 *(.noinit .noinit.*)
                0x20000d08                . = ALIGN (0x4)
                0x20000d08                _end_noinit = .
                0x20000d08                PROVIDE (end, _end_noinit)
                0x20000d08                PROVIDE (_end, _end_noinit)
                0x20000d08                PROVIDE (__end, _end_noinit)
                0x20000d08                PROVIDE (__end__, _end_noinit)

._check_stack   0x20000d08      0x100 load address 0x08009e78
                0x20000d08                . = ALIGN (0x4)
                0x20000e08                . = (. + _Minimum_Stack_Size)
 *fill*         0x20000d08      0x100 
                0x20000e08                . = ALIGN (0x4)

.bss_CCMRAM
 *(.bss.CCMRAM .bss.CCMRAM.*)

.b1text
 *(.b1text)
 *(.b1rodata)
 *(.b1rodata.*)

.eb0text
 *(.eb0text)
 *(.eb0rodata)
 *(.eb0rodata.*)

.eb1text
 *(.eb1text)
 *(.eb1rodata)
 *(.eb1rodata.*)

.eb2text
 *(.eb2text)
 *(.eb2rodata)
 *(.eb2rodata.*)

.eb3text
 *(.eb3text)
 *(.eb3rodata)
 *(.eb3rodata.*)

.stab           0x00000000       0x84
 *(.stab)
 .stab          0x00000000       0x24 /usr/local/gcc-arm-none-eabi-4_8-2013q4/bin/../lib/gcc/arm-none-eabi/4.8.3/../../../../arm-none-eabi/lib/armv7-m/libnosys.a(close.o)
 .stab          0x00000024       0x18 /usr/local/gcc-arm-none-eabi-4_8-2013q4/bin/../lib/gcc/arm-none-eabi/4.8.3/../../../../arm-none-eabi/lib/armv7-m/libnosys.a(fstat.o)
                                 0x24 (size before relaxing)
 .stab          0x0000003c       0x18 /usr/local/gcc-arm-none-eabi-4_8-2013q4/bin/../lib/gcc/arm-none-eabi/4.8.3/../../../../arm-none-eabi/lib/armv7-m/libnosys.a(isatty.o)
                                 0x24 (size before relaxing)
 .stab          0x00000054       0x18 /usr/local/gcc-arm-none-eabi-4_8-2013q4/bin/../lib/gcc/arm-none-eabi/4.8.3/../../../../arm-none-eabi/lib/armv7-m/libnosys.a(lseek.o)
                                 0x24 (size before relaxing)
 .stab          0x0000006c       0x18 /usr/local/gcc-arm-none-eabi-4_8-2013q4/bin/../lib/gcc/arm-none-eabi/4.8.3/../../../../arm-none-eabi/lib/armv7-m/libnosys.a(read.o)
                                 0x24 (size before relaxing)

.stabstr        0x00000000      0x117
 *(.stabstr)
 .stabstr       0x00000000      0x117 /usr/local/gcc-arm-none-eabi-4_8-2013q4/bin/../lib/gcc/arm-none-eabi/4.8.3/../../../../arm-none-eabi/lib/armv7-m/libnosys.a(close.o)

.stab.excl
 *(.stab.excl)

.stab.exclstr
 *(.stab.exclstr)

.stab.index
 *(.stab.index)

.stab.indexstr
 *(.stab.indexstr)

.comment        0x00000000       0x70
 *(.comment)
 .comment       0x00000000       0x70 ./src/HA_System.o
                                 0x71 (size before relaxing)
 .comment       0x00000000       0x71 ./src/MB1_Buttons.o
 .comment       0x00000000       0x71 ./src/MB1_ISR.o
 .comment       0x00000000       0x71 ./src/MB1_Leds.o
 .comment       0x00000000       0x71 ./src/MB1_Misc.o
 .comment       0x00000000       0x71 ./src/MB1_SPI.o
 .comment       0x00000000       0x71 ./src/MB1_Serial_t.o
 .comment       0x00000000       0x71 ./src/MB1_System.o
 .comment       0x00000000       0x71 ./src/driverCC1101.o
 .comment       0x00000000       0x71 ./src/main.o
 .comment       0x00000000       0x71 ./src/variablePacketHandler.o
 .comment       0x00000000       0x71 ./libs/misc/src/_sbrk.o
 .comment       0x00000000       0x71 ./libs/StdPeriph/src/misc.o
 .comment       0x00000000       0x71 ./libs/StdPeriph/src/stm32f10x_exti.o
 .comment       0x00000000       0x71 ./libs/StdPeriph/src/stm32f10x_gpio.o
 .comment       0x00000000       0x71 ./libs/StdPeriph/src/stm32f10x_rcc.o
 .comment       0x00000000       0x71 ./libs/StdPeriph/src/stm32f10x_spi.o
 .comment       0x00000000       0x71 ./libs/StdPeriph/src/stm32f10x_tim.o
 .comment       0x00000000       0x71 ./libs/StdPeriph/src/stm32f10x_usart.o
 .comment       0x00000000       0x71 ./libs/CMSIS/src/startup_cm.o
 .comment       0x00000000       0x71 ./libs/CMSIS/src/startup_stm32f10x.o
 .comment       0x00000000       0x71 ./libs/CMSIS/src/system_stm32f10x.o
 .comment       0x00000000       0x71 ./libs/CMSIS/src/vectors_stm32f10x.o

.ARM.attributes
                0x00000000       0x31
 .ARM.attributes
                0x00000000       0x33 ./src/HA_System.o
 .ARM.attributes
                0x00000033       0x33 ./src/MB1_Buttons.o
 .ARM.attributes
                0x00000066       0x33 ./src/MB1_ISR.o
 .ARM.attributes
                0x00000099       0x33 ./src/MB1_Leds.o
 .ARM.attributes
                0x000000cc       0x33 ./src/MB1_Misc.o
 .ARM.attributes
                0x000000ff       0x33 ./src/MB1_SPI.o
 .ARM.attributes
                0x00000132       0x33 ./src/MB1_Serial_t.o
 .ARM.attributes
                0x00000165       0x33 ./src/MB1_System.o
 .ARM.attributes
                0x00000198       0x33 ./src/driverCC1101.o
 .ARM.attributes
                0x000001cb       0x33 ./src/main.o
 .ARM.attributes
                0x000001fe       0x33 ./src/variablePacketHandler.o
 .ARM.attributes
                0x00000231       0x33 ./libs/misc/src/_sbrk.o
 .ARM.attributes
                0x00000264       0x33 ./libs/StdPeriph/src/misc.o
 .ARM.attributes
                0x00000297       0x33 ./libs/StdPeriph/src/stm32f10x_exti.o
 .ARM.attributes
                0x000002ca       0x33 ./libs/StdPeriph/src/stm32f10x_gpio.o
 .ARM.attributes
                0x000002fd       0x33 ./libs/StdPeriph/src/stm32f10x_rcc.o
 .ARM.attributes
                0x00000330       0x33 ./libs/StdPeriph/src/stm32f10x_spi.o
 .ARM.attributes
                0x00000363       0x33 ./libs/StdPeriph/src/stm32f10x_tim.o
 .ARM.attributes
                0x00000396       0x33 ./libs/StdPeriph/src/stm32f10x_usart.o
 .ARM.attributes
                0x000003c9       0x33 ./libs/CMSIS/src/startup_cm.o
 .ARM.attributes
                0x000003fc       0x33 ./libs/CMSIS/src/startup_stm32f10x.o
 .ARM.attributes
                0x0000042f       0x33 ./libs/CMSIS/src/system_stm32f10x.o
 .ARM.attributes
                0x00000462       0x33 ./libs/CMSIS/src/vectors_stm32f10x.o
 .ARM.attributes
                0x00000495       0x2d /usr/local/gcc-arm-none-eabi-4_8-2013q4/bin/../lib/gcc/arm-none-eabi/4.8.3/../../../../arm-none-eabi/lib/armv7-m/libg.a(lib_a-errno.o)
 .ARM.attributes
                0x000004c2       0x2d /usr/local/gcc-arm-none-eabi-4_8-2013q4/bin/../lib/gcc/arm-none-eabi/4.8.3/../../../../arm-none-eabi/lib/armv7-m/libg.a(lib_a-impure.o)
 .ARM.attributes
                0x000004ef       0x2d /usr/local/gcc-arm-none-eabi-4_8-2013q4/bin/../lib/gcc/arm-none-eabi/4.8.3/../../../../arm-none-eabi/lib/armv7-m/libg.a(lib_a-printf.o)
 .ARM.attributes
                0x0000051c       0x2d /usr/local/gcc-arm-none-eabi-4_8-2013q4/bin/../lib/gcc/arm-none-eabi/4.8.3/../../../../arm-none-eabi/lib/armv7-m/libg.a(lib_a-vfprintf.o)
 .ARM.attributes
                0x00000549       0x2d /usr/local/gcc-arm-none-eabi-4_8-2013q4/bin/../lib/gcc/arm-none-eabi/4.8.3/../../../../arm-none-eabi/lib/armv7-m/libg.a(lib_a-wsetup.o)
 .ARM.attributes
                0x00000576       0x2d /usr/local/gcc-arm-none-eabi-4_8-2013q4/bin/../lib/gcc/arm-none-eabi/4.8.3/../../../../arm-none-eabi/lib/armv7-m/libg.a(lib_a-dtoa.o)
 .ARM.attributes
                0x000005a3       0x2d /usr/local/gcc-arm-none-eabi-4_8-2013q4/bin/../lib/gcc/arm-none-eabi/4.8.3/../../../../arm-none-eabi/lib/armv7-m/libg.a(lib_a-fflush.o)
 .ARM.attributes
                0x000005d0       0x2d /usr/local/gcc-arm-none-eabi-4_8-2013q4/bin/../lib/gcc/arm-none-eabi/4.8.3/../../../../arm-none-eabi/lib/armv7-m/libg.a(lib_a-findfp.o)
 .ARM.attributes
                0x000005fd       0x2d /usr/local/gcc-arm-none-eabi-4_8-2013q4/bin/../lib/gcc/arm-none-eabi/4.8.3/../../../../arm-none-eabi/lib/armv7-m/libg.a(lib_a-freer.o)
 .ARM.attributes
                0x0000062a       0x2d /usr/local/gcc-arm-none-eabi-4_8-2013q4/bin/../lib/gcc/arm-none-eabi/4.8.3/../../../../arm-none-eabi/lib/armv7-m/libg.a(lib_a-fwalk.o)
 .ARM.attributes
                0x00000657       0x2d /usr/local/gcc-arm-none-eabi-4_8-2013q4/bin/../lib/gcc/arm-none-eabi/4.8.3/../../../../arm-none-eabi/lib/armv7-m/libg.a(lib_a-locale.o)
 .ARM.attributes
                0x00000684       0x2d /usr/local/gcc-arm-none-eabi-4_8-2013q4/bin/../lib/gcc/arm-none-eabi/4.8.3/../../../../arm-none-eabi/lib/armv7-m/libg.a(lib_a-makebuf.o)
 .ARM.attributes
                0x000006b1       0x2d /usr/local/gcc-arm-none-eabi-4_8-2013q4/bin/../lib/gcc/arm-none-eabi/4.8.3/../../../../arm-none-eabi/lib/armv7-m/libg.a(lib_a-mallocr.o)
 .ARM.attributes
                0x000006de       0x2d /usr/local/gcc-arm-none-eabi-4_8-2013q4/bin/../lib/gcc/arm-none-eabi/4.8.3/../../../../arm-none-eabi/lib/armv7-m/libg.a(lib_a-memchr-stub.o)
 .ARM.attributes
                0x0000070b       0x1b /usr/local/gcc-arm-none-eabi-4_8-2013q4/bin/../lib/gcc/arm-none-eabi/4.8.3/../../../../arm-none-eabi/lib/armv7-m/libg.a(lib_a-memcpy.o)
 .ARM.attributes
                0x00000726       0x2d /usr/local/gcc-arm-none-eabi-4_8-2013q4/bin/../lib/gcc/arm-none-eabi/4.8.3/../../../../arm-none-eabi/lib/armv7-m/libg.a(lib_a-memset.o)
 .ARM.attributes
                0x00000753       0x2d /usr/local/gcc-arm-none-eabi-4_8-2013q4/bin/../lib/gcc/arm-none-eabi/4.8.3/../../../../arm-none-eabi/lib/armv7-m/libg.a(lib_a-mlock.o)
 .ARM.attributes
                0x00000780       0x2d /usr/local/gcc-arm-none-eabi-4_8-2013q4/bin/../lib/gcc/arm-none-eabi/4.8.3/../../../../arm-none-eabi/lib/armv7-m/libg.a(lib_a-mprec.o)
 .ARM.attributes
                0x000007ad       0x2d /usr/local/gcc-arm-none-eabi-4_8-2013q4/bin/../lib/gcc/arm-none-eabi/4.8.3/../../../../arm-none-eabi/lib/armv7-m/libg.a(lib_a-s_fpclassify.o)
 .ARM.attributes
                0x000007da       0x2d /usr/local/gcc-arm-none-eabi-4_8-2013q4/bin/../lib/gcc/arm-none-eabi/4.8.3/../../../../arm-none-eabi/lib/armv7-m/libg.a(lib_a-sbrkr.o)
 .ARM.attributes
                0x00000807       0x2d /usr/local/gcc-arm-none-eabi-4_8-2013q4/bin/../lib/gcc/arm-none-eabi/4.8.3/../../../../arm-none-eabi/lib/armv7-m/libg.a(lib_a-stdio.o)
 .ARM.attributes
                0x00000834       0x2d /usr/local/gcc-arm-none-eabi-4_8-2013q4/bin/../lib/gcc/arm-none-eabi/4.8.3/../../../../arm-none-eabi/lib/armv7-m/libg.a(lib_a-strlen.o)
 .ARM.attributes
                0x00000861       0x2d /usr/local/gcc-arm-none-eabi-4_8-2013q4/bin/../lib/gcc/arm-none-eabi/4.8.3/../../../../arm-none-eabi/lib/armv7-m/libg.a(lib_a-vfiprintf.o)
 .ARM.attributes
                0x0000088e       0x2d /usr/local/gcc-arm-none-eabi-4_8-2013q4/bin/../lib/gcc/arm-none-eabi/4.8.3/../../../../arm-none-eabi/lib/armv7-m/libg.a(lib_a-writer.o)
 .ARM.attributes
                0x000008bb       0x2d /usr/local/gcc-arm-none-eabi-4_8-2013q4/bin/../lib/gcc/arm-none-eabi/4.8.3/../../../../arm-none-eabi/lib/armv7-m/libg.a(lib_a-callocr.o)
 .ARM.attributes
                0x000008e8       0x2d /usr/local/gcc-arm-none-eabi-4_8-2013q4/bin/../lib/gcc/arm-none-eabi/4.8.3/../../../../arm-none-eabi/lib/armv7-m/libg.a(lib_a-closer.o)
 .ARM.attributes
                0x00000915       0x2d /usr/local/gcc-arm-none-eabi-4_8-2013q4/bin/../lib/gcc/arm-none-eabi/4.8.3/../../../../arm-none-eabi/lib/armv7-m/libg.a(lib_a-fclose.o)
 .ARM.attributes
                0x00000942       0x2d /usr/local/gcc-arm-none-eabi-4_8-2013q4/bin/../lib/gcc/arm-none-eabi/4.8.3/../../../../arm-none-eabi/lib/armv7-m/libg.a(lib_a-fputwc.o)
 .ARM.attributes
                0x0000096f       0x2d /usr/local/gcc-arm-none-eabi-4_8-2013q4/bin/../lib/gcc/arm-none-eabi/4.8.3/../../../../arm-none-eabi/lib/armv7-m/libg.a(lib_a-fstatr.o)
 .ARM.attributes
                0x0000099c       0x2d /usr/local/gcc-arm-none-eabi-4_8-2013q4/bin/../lib/gcc/arm-none-eabi/4.8.3/../../../../arm-none-eabi/lib/armv7-m/libg.a(lib_a-fvwrite.o)
 .ARM.attributes
                0x000009c9       0x2d /usr/local/gcc-arm-none-eabi-4_8-2013q4/bin/../lib/gcc/arm-none-eabi/4.8.3/../../../../arm-none-eabi/lib/armv7-m/libg.a(lib_a-isattyr.o)
 .ARM.attributes
                0x000009f6       0x2d /usr/local/gcc-arm-none-eabi-4_8-2013q4/bin/../lib/gcc/arm-none-eabi/4.8.3/../../../../arm-none-eabi/lib/armv7-m/libg.a(lib_a-lseekr.o)
 .ARM.attributes
                0x00000a23       0x2d /usr/local/gcc-arm-none-eabi-4_8-2013q4/bin/../lib/gcc/arm-none-eabi/4.8.3/../../../../arm-none-eabi/lib/armv7-m/libg.a(lib_a-memmove.o)
 .ARM.attributes
                0x00000a50       0x2d /usr/local/gcc-arm-none-eabi-4_8-2013q4/bin/../lib/gcc/arm-none-eabi/4.8.3/../../../../arm-none-eabi/lib/armv7-m/libg.a(lib_a-readr.o)
 .ARM.attributes
                0x00000a7d       0x2d /usr/local/gcc-arm-none-eabi-4_8-2013q4/bin/../lib/gcc/arm-none-eabi/4.8.3/../../../../arm-none-eabi/lib/armv7-m/libg.a(lib_a-reallocr.o)
 .ARM.attributes
                0x00000aaa       0x2d /usr/local/gcc-arm-none-eabi-4_8-2013q4/bin/../lib/gcc/arm-none-eabi/4.8.3/../../../../arm-none-eabi/lib/armv7-m/libg.a(lib_a-reent.o)
 .ARM.attributes
                0x00000ad7       0x2d /usr/local/gcc-arm-none-eabi-4_8-2013q4/bin/../lib/gcc/arm-none-eabi/4.8.3/../../../../arm-none-eabi/lib/armv7-m/libg.a(lib_a-wbuf.o)
 .ARM.attributes
                0x00000b04       0x2d /usr/local/gcc-arm-none-eabi-4_8-2013q4/bin/../lib/gcc/arm-none-eabi/4.8.3/../../../../arm-none-eabi/lib/armv7-m/libg.a(lib_a-wcrtomb.o)
 .ARM.attributes
                0x00000b31       0x2d /usr/local/gcc-arm-none-eabi-4_8-2013q4/bin/../lib/gcc/arm-none-eabi/4.8.3/../../../../arm-none-eabi/lib/armv7-m/libg.a(lib_a-wctomb_r.o)
 .ARM.attributes
                0x00000b5e       0x1d /usr/local/gcc-arm-none-eabi-4_8-2013q4/bin/../lib/gcc/arm-none-eabi/4.8.3/armv7-m/libgcc.a(_arm_addsubdf3.o)
 .ARM.attributes
                0x00000b7b       0x1d /usr/local/gcc-arm-none-eabi-4_8-2013q4/bin/../lib/gcc/arm-none-eabi/4.8.3/armv7-m/libgcc.a(_arm_muldivdf3.o)
 .ARM.attributes
                0x00000b98       0x1d /usr/local/gcc-arm-none-eabi-4_8-2013q4/bin/../lib/gcc/arm-none-eabi/4.8.3/armv7-m/libgcc.a(_arm_cmpdf2.o)
 .ARM.attributes
                0x00000bb5       0x1d /usr/local/gcc-arm-none-eabi-4_8-2013q4/bin/../lib/gcc/arm-none-eabi/4.8.3/armv7-m/libgcc.a(_arm_fixdfsi.o)
 .ARM.attributes
                0x00000bd2       0x1d /usr/local/gcc-arm-none-eabi-4_8-2013q4/bin/../lib/gcc/arm-none-eabi/4.8.3/armv7-m/libgcc.a(_aeabi_uldivmod.o)
 .ARM.attributes
                0x00000bef       0x2d /usr/local/gcc-arm-none-eabi-4_8-2013q4/bin/../lib/gcc/arm-none-eabi/4.8.3/armv7-m/libgcc.a(bpabi.o)
 .ARM.attributes
                0x00000c1c       0x1d /usr/local/gcc-arm-none-eabi-4_8-2013q4/bin/../lib/gcc/arm-none-eabi/4.8.3/armv7-m/libgcc.a(_dvmd_tls.o)
 .ARM.attributes
                0x00000c39       0x2d /usr/local/gcc-arm-none-eabi-4_8-2013q4/bin/../lib/gcc/arm-none-eabi/4.8.3/armv7-m/libgcc.a(_divdi3.o)
 .ARM.attributes
                0x00000c66       0x2d /usr/local/gcc-arm-none-eabi-4_8-2013q4/bin/../lib/gcc/arm-none-eabi/4.8.3/armv7-m/libgcc.a(_udivdi3.o)
 .ARM.attributes
                0x00000c93       0x2d /usr/local/gcc-arm-none-eabi-4_8-2013q4/bin/../lib/gcc/arm-none-eabi/4.8.3/../../../../arm-none-eabi/lib/armv7-m/libnosys.a(close.o)
 .ARM.attributes
                0x00000cc0       0x2d /usr/local/gcc-arm-none-eabi-4_8-2013q4/bin/../lib/gcc/arm-none-eabi/4.8.3/../../../../arm-none-eabi/lib/armv7-m/libnosys.a(fstat.o)
 .ARM.attributes
                0x00000ced       0x2d /usr/local/gcc-arm-none-eabi-4_8-2013q4/bin/../lib/gcc/arm-none-eabi/4.8.3/../../../../arm-none-eabi/lib/armv7-m/libnosys.a(isatty.o)
 .ARM.attributes
                0x00000d1a       0x2d /usr/local/gcc-arm-none-eabi-4_8-2013q4/bin/../lib/gcc/arm-none-eabi/4.8.3/../../../../arm-none-eabi/lib/armv7-m/libnosys.a(lseek.o)
 .ARM.attributes
                0x00000d47       0x2d /usr/local/gcc-arm-none-eabi-4_8-2013q4/bin/../lib/gcc/arm-none-eabi/4.8.3/../../../../arm-none-eabi/lib/armv7-m/libnosys.a(read.o)

.debug
 *(.debug)

.line
 *(.line)

.debug_srcinfo
 *(.debug_srcinfo)

.debug_sfnames
 *(.debug_sfnames)

.debug_aranges  0x00000000      0xc70
 *(.debug_aranges)
 .debug_aranges
                0x00000000       0x48 ./src/HA_System.o
 .debug_aranges
                0x00000048       0x60 ./src/MB1_Buttons.o
 .debug_aranges
                0x000000a8       0xd0 ./src/MB1_ISR.o
 .debug_aranges
                0x00000178       0x38 ./src/MB1_Leds.o
 .debug_aranges
                0x000001b0       0x48 ./src/MB1_Misc.o
 .debug_aranges
                0x000001f8       0x80 ./src/MB1_SPI.o
 .debug_aranges
                0x00000278       0x98 ./src/MB1_Serial_t.o
 .debug_aranges
                0x00000310       0x30 ./src/MB1_System.o
 .debug_aranges
                0x00000340       0x90 ./src/driverCC1101.o
 .debug_aranges
                0x000003d0       0x20 ./src/main.o
 .debug_aranges
                0x000003f0       0x50 ./src/variablePacketHandler.o
 .debug_aranges
                0x00000440       0x20 ./libs/misc/src/_sbrk.o
 .debug_aranges
                0x00000460       0x40 ./libs/StdPeriph/src/misc.o
 .debug_aranges
                0x000004a0       0x58 ./libs/StdPeriph/src/stm32f10x_exti.o
 .debug_aranges
                0x000004f8       0xa8 ./libs/StdPeriph/src/stm32f10x_gpio.o
 .debug_aranges
                0x000005a0      0x118 ./libs/StdPeriph/src/stm32f10x_rcc.o
 .debug_aranges
                0x000006b8       0xd0 ./libs/StdPeriph/src/stm32f10x_spi.o
 .debug_aranges
                0x00000788      0x2f0 ./libs/StdPeriph/src/stm32f10x_tim.o
 .debug_aranges
                0x00000a78      0x100 ./libs/StdPeriph/src/stm32f10x_usart.o
 .debug_aranges
                0x00000b78       0x38 ./libs/CMSIS/src/startup_cm.o
 .debug_aranges
                0x00000bb0       0x20 ./libs/CMSIS/src/startup_stm32f10x.o
 .debug_aranges
                0x00000bd0       0x38 ./libs/CMSIS/src/system_stm32f10x.o
 .debug_aranges
                0x00000c08       0x68 ./libs/CMSIS/src/vectors_stm32f10x.o

.debug_pubnames
 *(.debug_pubnames)

.debug_info     0x00000000     0xd7f8
 *(.debug_info .gnu.linkonce.wi.*)
 .debug_info    0x00000000     0x1201 ./src/HA_System.o
 .debug_info    0x00001201      0x6c4 ./src/MB1_Buttons.o
 .debug_info    0x000018c5      0xe36 ./src/MB1_ISR.o
 .debug_info    0x000026fb      0x4cc ./src/MB1_Leds.o
 .debug_info    0x00002bc7      0x857 ./src/MB1_Misc.o
 .debug_info    0x0000341e      0xd9a ./src/MB1_SPI.o
 .debug_info    0x000041b8      0xae3 ./src/MB1_Serial_t.o
 .debug_info    0x00004c9b     0x1245 ./src/MB1_System.o
 .debug_info    0x00005ee0      0xec7 ./src/driverCC1101.o
 .debug_info    0x00006da7      0xa61 ./src/main.o
 .debug_info    0x00007808     0x1093 ./src/variablePacketHandler.o
 .debug_info    0x0000889b      0x109 ./libs/misc/src/_sbrk.o
 .debug_info    0x000089a4      0x4db ./libs/StdPeriph/src/misc.o
 .debug_info    0x00008e7f      0x328 ./libs/StdPeriph/src/stm32f10x_exti.o
 .debug_info    0x000091a7      0x6b8 ./libs/StdPeriph/src/stm32f10x_gpio.o
 .debug_info    0x0000985f      0x85e ./libs/StdPeriph/src/stm32f10x_rcc.o
 .debug_info    0x0000a0bd      0x8c4 ./libs/StdPeriph/src/stm32f10x_spi.o
 .debug_info    0x0000a981     0x1c29 ./libs/StdPeriph/src/stm32f10x_tim.o
 .debug_info    0x0000c5aa      0x9b9 ./libs/StdPeriph/src/stm32f10x_usart.o
 .debug_info    0x0000cf63      0x29c ./libs/CMSIS/src/startup_cm.o
 .debug_info    0x0000d1ff       0xaa ./libs/CMSIS/src/startup_stm32f10x.o
 .debug_info    0x0000d2a9      0x41b ./libs/CMSIS/src/system_stm32f10x.o
 .debug_info    0x0000d6c4      0x134 ./libs/CMSIS/src/vectors_stm32f10x.o

.debug_abbrev   0x00000000     0x2d08
 *(.debug_abbrev)
 .debug_abbrev  0x00000000      0x308 ./src/HA_System.o
 .debug_abbrev  0x00000308      0x2a2 ./src/MB1_Buttons.o
 .debug_abbrev  0x000005aa      0x2eb ./src/MB1_ISR.o
 .debug_abbrev  0x00000895      0x22c ./src/MB1_Leds.o
 .debug_abbrev  0x00000ac1      0x222 ./src/MB1_Misc.o
 .debug_abbrev  0x00000ce3      0x2d1 ./src/MB1_SPI.o
 .debug_abbrev  0x00000fb4      0x2b2 ./src/MB1_Serial_t.o
 .debug_abbrev  0x00001266      0x2e7 ./src/MB1_System.o
 .debug_abbrev  0x0000154d      0x31a ./src/driverCC1101.o
 .debug_abbrev  0x00001867      0x28b ./src/main.o
 .debug_abbrev  0x00001af2      0x30a ./src/variablePacketHandler.o
 .debug_abbrev  0x00001dfc       0x8e ./libs/misc/src/_sbrk.o
 .debug_abbrev  0x00001e8a      0x159 ./libs/StdPeriph/src/misc.o
 .debug_abbrev  0x00001fe3      0x156 ./libs/StdPeriph/src/stm32f10x_exti.o
 .debug_abbrev  0x00002139      0x1cd ./libs/StdPeriph/src/stm32f10x_gpio.o
 .debug_abbrev  0x00002306      0x1bf ./libs/StdPeriph/src/stm32f10x_rcc.o
 .debug_abbrev  0x000024c5      0x183 ./libs/StdPeriph/src/stm32f10x_spi.o
 .debug_abbrev  0x00002648      0x1b5 ./libs/StdPeriph/src/stm32f10x_tim.o
 .debug_abbrev  0x000027fd      0x167 ./libs/StdPeriph/src/stm32f10x_usart.o
 .debug_abbrev  0x00002964      0x128 ./libs/CMSIS/src/startup_cm.o
 .debug_abbrev  0x00002a8c       0x6e ./libs/CMSIS/src/startup_stm32f10x.o
 .debug_abbrev  0x00002afa      0x17c ./libs/CMSIS/src/system_stm32f10x.o
 .debug_abbrev  0x00002c76       0x92 ./libs/CMSIS/src/vectors_stm32f10x.o

.debug_line     0x00000000     0x7b7f
 *(.debug_line)
 .debug_line    0x00000000      0x5a8 ./src/HA_System.o
 .debug_line    0x000005a8      0x520 ./src/MB1_Buttons.o
 .debug_line    0x00000ac8      0x71d ./src/MB1_ISR.o
 .debug_line    0x000011e5      0x454 ./src/MB1_Leds.o
 .debug_line    0x00001639      0x50a ./src/MB1_Misc.o
 .debug_line    0x00001b43      0x5a9 ./src/MB1_SPI.o
 .debug_line    0x000020ec      0x6d5 ./src/MB1_Serial_t.o
 .debug_line    0x000027c1      0x524 ./src/MB1_System.o
 .debug_line    0x00002ce5      0x6cd ./src/driverCC1101.o
 .debug_line    0x000033b2      0x5a4 ./src/main.o
 .debug_line    0x00003956      0x635 ./src/variablePacketHandler.o
 .debug_line    0x00003f8b      0x21c ./libs/misc/src/_sbrk.o
 .debug_line    0x000041a7      0x44b ./libs/StdPeriph/src/misc.o
 .debug_line    0x000045f2      0x4a1 ./libs/StdPeriph/src/stm32f10x_exti.o
 .debug_line    0x00004a93      0x5ab ./libs/StdPeriph/src/stm32f10x_gpio.o
 .debug_line    0x0000503e      0x6ba ./libs/StdPeriph/src/stm32f10x_rcc.o
 .debug_line    0x000056f8      0x60c ./libs/StdPeriph/src/stm32f10x_spi.o
 .debug_line    0x00005d04      0xc78 ./libs/StdPeriph/src/stm32f10x_tim.o
 .debug_line    0x0000697c      0x682 ./libs/StdPeriph/src/stm32f10x_usart.o
 .debug_line    0x00006ffe      0x26c ./libs/CMSIS/src/startup_cm.o
 .debug_line    0x0000726a      0x3fc ./libs/CMSIS/src/startup_stm32f10x.o
 .debug_line    0x00007666      0x486 ./libs/CMSIS/src/system_stm32f10x.o
 .debug_line    0x00007aec       0x93 ./libs/CMSIS/src/vectors_stm32f10x.o

.debug_frame    0x00000000     0x3444
 *(.debug_frame)
 .debug_frame   0x00000000       0xc8 ./src/HA_System.o
 .debug_frame   0x000000c8      0x118 ./src/MB1_Buttons.o
 .debug_frame   0x000001e0      0x2b4 ./src/MB1_ISR.o
 .debug_frame   0x00000494       0x90 ./src/MB1_Leds.o